Component: ARM Compiler 5.05 update 1 (build 106) Tool: armlink [4d0efa]

==============================================================================

Section Cross References

    main.o(i.POWER_task) refers to delay.o(i.getSysTickCnt) for getSysTickCnt
    main.o(i.POWER_task) refers to tasks.o(i.vTaskDelayUntil) for vTaskDelayUntil
    main.o(i.POWER_task) refers to adc.o(i.Get_Adc_Average) for Get_Adc_Average
    main.o(i.POWER_task) refers to infrared.o(i.get_ir_data) for get_ir_data
    main.o(i.POWER_task) refers to main.o(.bss) for .bss
    main.o(i.POWER_task) refers to main.o(.data) for .data
    main.o(i.Parameter_Init) refers to main.o(.bss) for .bss
    main.o(i.System_Init) refers to misc.o(i.NVIC_PriorityGroupConfig) for NVIC_PriorityGroupConfig
    main.o(i.System_Init) refers to delay.o(i.delay_init) for delay_init
    main.o(i.System_Init) refers to usart.o(i.uart_init) for uart_init
    main.o(i.System_Init) refers to gpio.o(i.GPIO_control) for GPIO_control
    main.o(i.System_Init) refers to iic.o(i.ULT_IIC_Init) for ULT_IIC_Init
    main.o(i.System_Init) refers to delay.o(i.delay_ms) for delay_ms
    main.o(i.System_Init) refers to gpio.o(i.Beep_Init) for Beep_Init
    main.o(i.System_Init) refers to adc.o(i.Adc_Init) for Adc_Init
    main.o(i.System_Init) refers to urf02.o(i.URF_Init) for URF_Init
    main.o(i.System_Init) refers to main.o(i.Parameter_Init) for Parameter_Init
    main.o(i.System_Init) refers to mpu9250.o(i.MPU_Init) for MPU_Init
    main.o(i.System_Init) refers to infrared.o(i.TIM_6_INIT) for TIM_6_INIT
    main.o(i.System_Init) refers to infrared.o(i.TIM_7_INIT) for TIM_7_INIT
    main.o(i.System_Init) refers to infrared.o(i.IR_Init) for IR_Init
    main.o(i.System_Init) refers to inv_mpu.o(i.mpu_dmp_init) for mpu_dmp_init
    main.o(i.System_Init) refers to iwdg.o(i.IWDG_Init) for IWDG_Init
    main.o(i.System_Init) refers to main.o(.data) for .data
    main.o(i.System_Init) refers to main.o(.bss) for .bss
    main.o(i.ULT_task) refers to delay.o(i.getSysTickCnt) for getSysTickCnt
    main.o(i.ULT_task) refers to tasks.o(i.vTaskDelayUntil) for vTaskDelayUntil
    main.o(i.ULT_task) refers to adc.o(i.Get_Power_State) for Get_Power_State
    main.o(i.ULT_task) refers to urf02.o(i.Read_URF) for Read_URF
    main.o(i.ULT_task) refers to iic.o(i.requestRange) for requestRange
    main.o(i.ULT_task) refers to iic.o(i.takeRangeReading) for takeRangeReading
    main.o(i.ULT_task) refers to urf02.o(.data) for URF_DIST
    main.o(i.ULT_task) refers to main.o(.bss) for .bss
    main.o(i.ULT_task) refers to main.o(.data) for .data
    main.o(i.USART_task) refers to delay.o(i.getSysTickCnt) for getSysTickCnt
    main.o(i.USART_task) refers to tasks.o(i.vTaskDelayUntil) for vTaskDelayUntil
    main.o(i.USART_task) refers to queue.o(i.xQueueGenericReceive) for xQueueGenericReceive
    main.o(i.USART_task) refers to usart.o(i.USART_DATA_Handler) for USART_DATA_Handler
    main.o(i.USART_task) refers to usart.o(i.data_transition) for data_transition
    main.o(i.USART_task) refers to usart.o(i.uart_DMA_send) for uart_DMA_send
    main.o(i.USART_task) refers to queue.o(i.xQueueGenericSend) for xQueueGenericSend
    main.o(i.USART_task) refers to main.o(.data) for .data
    main.o(i.USART_task) refers to main.o(.bss) for .bss
    main.o(i.claer_zero) refers to inv_mpu.o(i.mpu_mpl_get_data) for mpu_mpl_get_data
    main.o(i.claer_zero) refers to delay.o(i.delay_ms) for delay_ms
    main.o(i.claer_zero) refers to main.o(.bss) for .bss
    main.o(i.claer_zero) refers to main.o(.data) for .data
    main.o(i.main) refers to main.o(i.System_Init) for System_Init
    main.o(i.main) refers to tasks.o(i.xTaskCreate) for xTaskCreate
    main.o(i.main) refers to tasks.o(i.vTaskStartScheduler) for vTaskStartScheduler
    main.o(i.main) refers to main.o(.data) for .data
    main.o(i.main) refers to main.o(i.start_task) for start_task
    main.o(i.mpu9250_task) refers to delay.o(i.getSysTickCnt) for getSysTickCnt
    main.o(i.mpu9250_task) refers to tasks.o(i.vTaskDelayUntil) for vTaskDelayUntil
    main.o(i.mpu9250_task) refers to stm32f4xx_iwdg.o(i.IWDG_ReloadCounter) for IWDG_ReloadCounter
    main.o(i.mpu9250_task) refers to stm32f4xx_gpio.o(i.GPIO_ReadInputDataBit) for GPIO_ReadInputDataBit
    main.o(i.mpu9250_task) refers to inv_mpu.o(i.mpu_mpl_get_data) for mpu_mpl_get_data
    main.o(i.mpu9250_task) refers to inv_mpu.o(i.mpu_dmp_init) for mpu_dmp_init
    main.o(i.mpu9250_task) refers to delay.o(i.delay_ms) for delay_ms
    main.o(i.mpu9250_task) refers to usart.o(.data) for imu_reset
    main.o(i.mpu9250_task) refers to main.o(.bss) for .bss
    main.o(i.mpu9250_task) refers to main.o(.data) for .data
    main.o(i.mpu9250_task) refers to mpu9250.o(.data) for my_accel
    main.o(i.mpu9250_task) refers to mpu9250.o(.data) for my_gyro
    main.o(i.mpu9250_task) refers to mpu9250.o(.data) for my_magnet
    main.o(i.start_task) refers to port.o(i.vPortEnterCritical) for vPortEnterCritical
[...]
    vPortFree                                0x080104d9   Thumb Code    94  heap_4.o(i.vPortFree)
    vPortSetupTimerInterrupt                 0x08010575   Thumb Code    26  port.o(i.vPortSetupTimerInterrupt)
    vPortValidateInterruptPriority           0x08010595   Thumb Code    70  port.o(i.vPortValidateInterruptPriority)
    vQueueAddToRegistry                      0x08010621   Thumb Code    32  queue.o(i.vQueueAddToRegistry)
    vQueueWaitForMessageRestricted           0x08010645   Thumb Code    68  queue.o(i.vQueueWaitForMessageRestricted)
    vTaskDelay                               0x08010689   Thumb Code    62  tasks.o(i.vTaskDelay)
    vTaskDelayUntil                          0x080106f5   Thumb Code   128  tasks.o(i.vTaskDelayUntil)
    vTaskDelete                              0x080107a1   Thumb Code   152  tasks.o(i.vTaskDelete)
    vTaskMissedYield                         0x0801086d   Thumb Code     8  tasks.o(i.vTaskMissedYield)
    vTaskPlaceOnEventList                    0x08010879   Thumb Code    44  tasks.o(i.vTaskPlaceOnEventList)
    vTaskPlaceOnEventListRestricted          0x080108cd   Thumb Code    52  tasks.o(i.vTaskPlaceOnEventListRestricted)
    vTaskPriorityInherit                     0x08010929   Thumb Code   124  tasks.o(i.vTaskPriorityInherit)
    vTaskSetTimeOutState                     0x080109ad   Thumb Code    30  tasks.o(i.vTaskSetTimeOutState)
    vTaskStartScheduler                      0x080109f5   Thumb Code    96  tasks.o(i.vTaskStartScheduler)
    vTaskSuspendAll                          0x08010a89   Thumb Code    10  tasks.o(i.vTaskSuspendAll)
    vTaskSwitchContext                       0x08010a99   Thumb Code   102  tasks.o(i.vTaskSwitchContext)
    xPortStartScheduler                      0x08010b2d   Thumb Code   196  port.o(i.xPortStartScheduler)
    xPortSysTickHandler                      0x08010c41   Thumb Code    38  port.o(i.xPortSysTickHandler)
    xQueueCreateMutex                        0x08010c6d   Thumb Code    36  queue.o(i.xQueueCreateMutex)
    xQueueGenericCreate                      0x08010c91   Thumb Code    82  queue.o(i.xQueueGenericCreate)
    xQueueGenericReceive                     0x08010d09   Thumb Code   348  queue.o(i.xQueueGenericReceive)
    xQueueGenericReset                       0x08010e8d   Thumb Code   128  queue.o(i.xQueueGenericReset)
    xQueueGenericSend                        0x08010f35   Thumb Code   350  queue.o(i.xQueueGenericSend)
    xQueueGenericSendFromISR                 0x080110bd   Thumb Code   188  queue.o(i.xQueueGenericSendFromISR)
    xQueueGiveFromISR                        0x0801119d   Thumb Code   162  queue.o(i.xQueueGiveFromISR)
    xTaskCheckForTimeOut                     0x08011265   Thumb Code    94  tasks.o(i.xTaskCheckForTimeOut)
    xTaskCreate                              0x080112ed   Thumb Code    86  tasks.o(i.xTaskCreate)
    xTaskGetSchedulerState                   0x08011345   Thumb Code    22  tasks.o(i.xTaskGetSchedulerState)
    xTaskGetTickCount                        0x08011361   Thumb Code     6  tasks.o(i.xTaskGetTickCount)
    xTaskIncrementTick                       0x0801136d   Thumb Code   188  tasks.o(i.xTaskIncrementTick)
    xTaskPriorityDisinherit                  0x08011455   Thumb Code   136  tasks.o(i.xTaskPriorityDisinherit)
    xTaskRemoveFromEventList                 0x08011509   Thumb Code   102  tasks.o(i.xTaskRemoveFromEventList)
    xTaskResumeAll                           0x080115a1   Thumb Code   180  tasks.o(i.xTaskResumeAll)
    xTimerCreate                             0x08011685   Thumb Code    74  timers.o(i.xTimerCreate)
    xTimerCreateTimerTask                    0x080116f9   Thumb Code    58  timers.o(i.xTimerCreateTimerTask)
    xTimerGenericCommand                     0x0801176d   Thumb Code    98  timers.o(i.xTimerGenericCommand)
    _get_lc_numeric                          0x080117fd   Thumb Code    44  lc_numeric_c.o(locale$$code)
    _get_lc_ctype                            0x08011829   Thumb Code    44  lc_ctype_c.o(locale$$code)
    __aeabi_dneg                             0x08011855   Thumb Code     0  basic.o(x$fpl$basic)
    _dneg                                    0x08011855   Thumb Code     6  basic.o(x$fpl$basic)
    __aeabi_fneg                             0x0801185b   Thumb Code     0  basic.o(x$fpl$basic)
    _fneg                                    0x0801185b   Thumb Code     6  basic.o(x$fpl$basic)
    _dabs                                    0x08011861   Thumb Code     6  basic.o(x$fpl$basic)
    _fabs                                    0x08011867   Thumb Code     6  basic.o(x$fpl$basic)
    __aeabi_d2f                              0x0801186d   Thumb Code     0  d2f.o(x$fpl$d2f)
    _d2f                                     0x0801186d   Thumb Code    98  d2f.o(x$fpl$d2f)
    __aeabi_dadd                             0x080118d1   Thumb Code     0  daddsub_clz.o(x$fpl$dadd)
    _dadd                                    0x080118d1   Thumb Code   332  daddsub_clz.o(x$fpl$dadd)
    __fpl_dcmp_Inf                           0x08011a21   Thumb Code    24  dcmpi.o(x$fpl$dcmpinf)
    __aeabi_ddiv                             0x08011a39   Thumb Code     0  ddiv.o(x$fpl$ddiv)
    _ddiv                                    0x08011a39   Thumb Code   552  ddiv.o(x$fpl$ddiv)
    __aeabi_cdcmpeq                          0x08011ce9   Thumb Code     0  deqf.o(x$fpl$deqf)
    _dcmpeq                                  0x08011ce9   Thumb Code   120  deqf.o(x$fpl$deqf)
    __aeabi_d2iz                             0x08011d61   Thumb Code     0  dfix.o(x$fpl$dfix)
    _dfix                                    0x08011d61   Thumb Code    94  dfix.o(x$fpl$dfix)
    __aeabi_i2d                              0x08011dbf   Thumb Code     0  dflt_clz.o(x$fpl$dflt)
    _dflt                                    0x08011dbf   Thumb Code    46  dflt_clz.o(x$fpl$dflt)
    __aeabi_ui2d                             0x08011ded   Thumb Code     0  dflt_clz.o(x$fpl$dfltu)
    _dfltu                                   0x08011ded   Thumb Code    38  dflt_clz.o(x$fpl$dfltu)
    __aeabi_cdcmple                          0x08011e15   Thumb Code     0  dleqf.o(x$fpl$dleqf)
    _dcmple                                  0x08011e15   Thumb Code   120  dleqf.o(x$fpl$dleqf)
    __fpl_dcmple_InfNaN                      0x08011e77   Thumb Code     0  dleqf.o(x$fpl$dleqf)
    __aeabi_dmul                             0x08011e8d   Thumb Code     0  dmul.o(x$fpl$dmul)
    _dmul                                    0x08011e8d   Thumb Code   332  dmul.o(x$fpl$dmul)
    __fpl_dnaninf                            0x08011fe1   Thumb Code   156  dnaninf.o(x$fpl$dnaninf)
    __fpl_dretinf                            0x0801207d   Thumb Code    12  dretinf.o(x$fpl$dretinf)
    __aeabi_cdrcmple                         0x08012089   Thumb Code     0  drleqf.o(x$fpl$drleqf)
    _drcmple                                 0x08012089   Thumb Code   108  drleqf.o(x$fpl$drleqf)
    __aeabi_drsub                            0x080120f5   Thumb Code     0  daddsub_clz.o(x$fpl$drsb)
    _drsb                                    0x080120f5   Thumb Code    22  daddsub_clz.o(x$fpl$drsb)
    _dsqrt                                   0x0801210d   Thumb Code   404  dsqrt_umaal.o(x$fpl$dsqrt)
    __aeabi_dsub                             0x080122a5   Thumb Code     0  daddsub_clz.o(x$fpl$dsub)
    _dsub                                    0x080122a5   Thumb Code   464  daddsub_clz.o(x$fpl$dsub)
    __aeabi_f2d                              0x08012479   Thumb Code     0  f2d.o(x$fpl$f2d)
    _f2d                                     0x08012479   Thumb Code    86  f2d.o(x$fpl$f2d)
    __aeabi_ul2f                             0x080124cf   Thumb Code     0  ffltll_clz.o(x$fpl$ffltll)
    _ll_uto_f                                0x080124cf   Thumb Code     6  ffltll_clz.o(x$fpl$ffltll)
    __aeabi_l2f                              0x080124d5   Thumb Code     0  ffltll_clz.o(x$fpl$ffltll)
    _ll_sto_f                                0x080124d5   Thumb Code    90  ffltll_clz.o(x$fpl$ffltll)
    __fpl_fnaninf                            0x0801252f   Thumb Code   140  fnaninf.o(x$fpl$fnaninf)
    _fp_init                                 0x080125bb   Thumb Code    10  fpinit.o(x$fpl$fpinit)
    __fplib_config_fpu_vfp                   0x080125c3   Thumb Code     0  fpinit.o(x$fpl$fpinit)
    __fplib_config_pureend_doubles           0x080125c3   Thumb Code     0  fpinit.o(x$fpl$fpinit)
    __fpl_fretinf                            0x080125c5   Thumb Code    10  fretinf.o(x$fpl$fretinf)
    __aeabi_f2lz                             0x080125d1   Thumb Code     0  ffixll.o(x$fpl$llsfromf)
    _ll_sfrom_f                              0x080125d1   Thumb Code   134  ffixll.o(x$fpl$llsfromf)
    _printf_fp_dec                           0x08012657   Thumb Code     4  printf1.o(x$fpl$printf1)
    _printf_fp_hex                           0x0801265b   Thumb Code     4  printf2.o(x$fpl$printf2)
    __I$use$fp                               0x0801265e   Number         0  usenofp.o(x$fpl$usenofp)
    reg                                      0x0801265e   Data          42  inv_mpu.o(.constdata)
    hw                                       0x08012688   Data          14  inv_mpu.o(.constdata)
    test                                     0x08012698   Data          48  inv_mpu.o(.constdata)
    ml_ver                                   0x080134be   Data          20  mpl.o(.constdata)
    __mathlib_zero                           0x08013598   Data           8  qnan.o(.constdata)
    Region$$Table$$Base                      0x080137bc   Number         0  anon$$obj.o(Region$$Table)
    Region$$Table$$Limit                     0x080137dc   Number         0  anon$$obj.o(Region$$Table)
    __ctype                                  0x08013805   Data           0  lc_ctype_c.o(locale$$data)
    mem3base                                 0x10000000   Data       61440  malloc.o(.ARM.__AT_0x10000000)
    mem3mapbase                              0x1000f000   Data        3840  malloc.o(.ARM.__AT_0x1000F000)
    rx_cnt                                   0x20000000   Data           1  main.o(.data)
    Infrared                                 0x20000001   Data           2  main.o(.data)
    StartTask_Handler                        0x20000004   Data           4  main.o(.data)
    USART_Handler                            0x20000008   Data           4  main.o(.data)
    MPU_Task_Handler                         0x2000000c   Data           4  main.o(.data)
    ULT_Handler                              0x20000010   Data           4  main.o(.data)
    POWER_Handler                            0x20000014   Data           4  main.o(.data)
    xMutex                                   0x20000018   Data           4  main.o(.data)
    uartDMATCSemaphore                       0x2000001c   Data           4  main.o(.data)
    uartRxIDLESemaphore                      0x20000020   Data           4  main.o(.data)
    pitch                                    0x20000024   Data           4  main.o(.data)
    roll                                     0x20000028   Data           4  main.o(.data)
    yaw                                      0x2000002c   Data           4  main.o(.data)
    ultrasonic                               0x20000030   Data           6  main.o(.data)
    Error_code                               0x20000036   Data           8  main.o(.data)
    SystemCoreClock                          0x20000040   Data           4  system_stm32f4xx.o(.data)
    AHBPrescTable                            0x20000044   Data          16  system_stm32f4xx.o(.data)
    counting                                 0x20000054   Data           1  urf02.o(.data)
    over_time                                0x20000055   Data           1  urf02.o(.data)
    URF_DIST                                 0x20000058   Data           4  urf02.o(.data)
    my_gyro                                  0x2000005e   Data           6  mpu9250.o(.data)
    my_accel                                 0x20000064   Data           6  mpu9250.o(.data)
    my_magnet                                0x2000006a   Data           6  mpu9250.o(.data)
    left_ir_data                             0x20000070   Data           3  infrared.o(.data)
    right_ir_data                            0x20000073   Data           3  infrared.o(.data)
    Dval                                     0x20000080   Data           8  infrared.o(.data)
    imu_reset                                0x20000090   Data           1  usart.o(.data)
    __stdout                                 0x20000094   Data           4  usart.o(.data)
    pxCurrentTCB                             0x200000a8   Data           4  tasks.o(.data)
    mpl_key                                  0x2000011c   Data           4  inv_mpu.o(.data)
    mpu_zero                                 0x20000180   Data          12  main.o(.bss)
    Send_Data                                0x2000018c   Data         276  main.o(.bss)
    rxbuf                                    0x200002a0   Data         200  main.o(.bss)
    Receive_Data                             0x20000368   Data          10  main.o(.bss)
    SendBuff                                 0x20000372   Data         200  main.o(.bss)
    ReceiveBuff                              0x2000043a   Data         200  main.o(.bss)
    xQueueRegistry                           0x20000504   Data          64  queue.o(.bss)
    cb                                       0x20005e98   Data         232  compass_vec_cal.o(.bss)
    cb_test                                  0x20005f80   Data         232  compass_vec_cal.o(.bss)
    cb_sim                                   0x20006068   Data         232  compass_vec_cal.o(.bss)
    vc                                       0x20006150   Data         424  compass_vec_cal.o(.bss)
    fnm                                      0x200062f8   Data         608  fast_no_motion.o(.bss)
    s9axis                                   0x20006598   Data         312  fusion_9axis.o(.bss)
    mag_disturb                              0x20006894   Data         184  mag_disturb.o(.bss)
    __libspace_start                         0x20006e70   Data          96  libspace.o(.bss)
    __temporary_stack_top$libspace           0x20006ed0   Data           0  libspace.o(.bss)
    mem2base                                 0x68000000   Data       983040  malloc.o(.ARM.__AT_0x68000000)
    mem2mapbase                              0x680f0000   Data       61440  malloc.o(.ARM.__AT_0x680F0000)



==============================================================================

Memory Map of the image

  Image Entry point : 0x08000189

  Load Region LR_IROM1 (Base: 0x08000000, Size: 0x00013a88, Max: 0x00080000, ABSOLUTE, COMPRESSED[0x00013958])

    Execution Region ER_IROM1 (Base: 0x08000000, Size: 0x00013908, Max: 0x00080000, ABSOLUTE)

    Base Addr    Size         Type   Attr      Idx    E Section Name        Object

    0x08000000   0x00000188   Data   RO         1309    RESET               startup_stm32f40_41xxx.o
    0x08000188   0x00000008   Code   RO         6687  * !!!main             c_w.l(__main.o)
    0x08000190   0x00000034   Code   RO         7294    !!!scatter          c_w.l(__scatter.o)
    0x080001c4   0x0000005a   Code   RO         7292    !!dczerorl2         c_w.l(__dczerorl2.o)
    0x0800021e   0x00000002   PAD
    0x08000220   0x0000001c   Code   RO         7296    !!handler_zi        c_w.l(__scatter_zi.o)
    0x0800023c   0x00000000   Code   RO         6666    .ARM.Collect$$_printf_percent$$00000000  c_w.l(_printf_percent.o)
    0x0800023c   0x00000006   Code   RO         6971    .ARM.Collect$$_printf_percent$$00000001  c_w.l(_printf_n.o)
    0x08000242   0x00000006   Code   RO         6972    .ARM.Collect$$_printf_percent$$00000002  c_w.l(_printf_p.o)
    0x08000248   0x00000006   Code   RO         6665    .ARM.Collect$$_printf_percent$$00000003  c_w.l(_printf_f.o)
    0x0800024e   0x00000006   Code   RO         6975    .ARM.Collect$$_printf_percent$$00000004  c_w.l(_printf_e.o)
    0x08000254   0x00000006   Code   RO         6976    .ARM.Collect$$_printf_percent$$00000005  c_w.l(_printf_g.o)
    0x0800025a   0x00000006   Code   RO         6977    .ARM.Collect$$_printf_percent$$00000006  c_w.l(_printf_a.o)
    0x08000260   0x0000000a   Code   RO         6982    .ARM.Collect$$_printf_percent$$00000007  c_w.l(_printf_ll.o)
    0x0800026a   0x00000006   Code   RO         6974    .ARM.Collect$$_printf_percent$$00000008  c_w.l(_printf_i.o)
    0x08000270   0x00000006   Code   RO         6663    .ARM.Collect$$_printf_percent$$00000009  c_w.l(_printf_d.o)
    0x08000276   0x00000006   Code   RO         6664    .ARM.Collect$$_printf_percent$$0000000A  c_w.l(_printf_u.o)
    0x0800027c   0x00000006   Code   RO         6973    .ARM.Collect$$_printf_percent$$0000000B  c_w.l(_printf_o.o)
    0x08000282   0x00000006   Code   RO         6662    .ARM.Collect$$_printf_percent$$0000000C  c_w.l(_printf_x.o)
    0x08000288   0x00000006   Code   RO         6979    .ARM.Collect$$_printf_percent$$0000000D  c_w.l(_printf_lli.o)
    0x0800028e   0x00000006   Code   RO         6980    .ARM.Collect$$_printf_percent$$0000000E  c_w.l(_printf_lld.o)
    0x08000294   0x00000006   Code   RO         6981    .ARM.Collect$$_printf_percent$$0000000F  c_w.l(_printf_llu.o)
    0x0800029a   0x00000006   Code   RO         6986    .ARM.Collect$$_printf_percent$$00000010  c_w.l(_printf_llo.o)
    0x080002a0   0x00000006   Code   RO         6987    .ARM.Collect$$_printf_percent$$00000011  c_w.l(_printf_llx.o)
    0x080002a6   0x0000000a   Code   RO         6983    .ARM.Collect$$_printf_percent$$00000012  c_w.l(_printf_l.o)
    0x080002b0   0x00000006   Code   RO         6660    .ARM.Collect$$_printf_percent$$00000013  c_w.l(_printf_c.o)
    0x080002b6   0x00000006   Code   RO         6661    .ARM.Collect$$_printf_percent$$00000014  c_w.l(_printf_s.o)
    0x080002bc   0x00000006   Code   RO         6984    .ARM.Collect$$_printf_percent$$00000015  c_w.l(_printf_lc.o)
    0x080002c2   0x00000006   Code   RO         6985    .ARM.Collect$$_printf_percent$$00000016  c_w.l(_printf_ls.o)
    0x080002c8   0x00000004   Code   RO         6978    .ARM.Collect$$_printf_percent$$00000017  c_w.l(_printf_percent_end.o)
    0x080002cc   0x00000002   Code   RO         7159    .ARM.Collect$$libinit$$00000000  c_w.l(libinit.o)
    0x080002ce   0x00000004   Code   RO         7160    .ARM.Collect$$libinit$$00000001  c_w.l(libinit2.o)
    0x080002d2   0x00000000   Code   RO         7163    .ARM.Collect$$libinit$$00000004  c_w.l(libinit2.o)
    0x080002d2   0x00000000   Code   RO         7166    .ARM.Collect$$libinit$$0000000A  c_w.l(libinit2.o)
    0x080002d2   0x00000000   Code   RO         7168    .ARM.Collect$$libinit$$0000000C  c_w.l(libinit2.o)
    0x080002d2   0x00000000   Code   RO         7170    .ARM.Collect$$libinit$$0000000E  c_w.l(libinit2.o)
    0x080002d2   0x00000006   Code   RO         7171    .ARM.Collect$$libinit$$0000000F  c_w.l(libinit2.o)
    0x080002d8   0x00000000   Code   RO         7173    .ARM.Collect$$libinit$$00000011  c_w.l(libinit2.o)
    0x080002d8   0x0000000c   Code   RO         7174    .ARM.Collect$$libinit$$00000012  c_w.l(libinit2.o)
    0x080002e4   0x00000000   Code   RO         7175    .ARM.Collect$$libinit$$00000013  c_w.l(libinit2.o)
    0x080002e4   0x00000000   Code   RO         7177    .ARM.Collect$$libinit$$00000015  c_w.l(libinit2.o)
    0x080002e4   0x0000000a   Code   RO         7178    .ARM.Collect$$libinit$$00000016  c_w.l(libinit2.o)
    0x080002ee   0x00000000   Code   RO         7179    .ARM.Collect$$libinit$$00000017  c_w.l(libinit2.o)
    0x080002ee   0x00000000   Code   RO         7181    .ARM.Collect$$libinit$$00000019  c_w.l(libinit2.o)
    0x080002ee   0x00000000   Code   RO         7183    .ARM.Collect$$libinit$$0000001B  c_w.l(libinit2.o)
    0x080002ee   0x00000000   Code   RO         7185    .ARM.Collect$$libinit$$0000001D  c_w.l(libinit2.o)
    0x080002ee   0x00000000   Code   RO         7187    .ARM.Collect$$libinit$$0000001F  c_w.l(libinit2.o)
    0x080002ee   0x00000000   Code   RO         7189    .ARM.Collect$$libinit$$00000021  c_w.l(libinit2.o)
    0x080002ee   0x00000000   Code   RO         7191    .ARM.Collect$$libinit$$00000023  c_w.l(libinit2.o)
    0x080002ee   0x00000000   Code   RO         7193    .ARM.Collect$$libinit$$00000025  c_w.l(libinit2.o)
    0x080002ee   0x00000000   Code   RO         7197    .ARM.Collect$$libinit$$0000002C  c_w.l(libinit2.o)
    0x080002ee   0x00000000   Code   RO         7199    .ARM.Collect$$libinit$$0000002E  c_w.l(libinit2.o)
    0x080002ee   0x00000000   Code   RO         7201    .ARM.Collect$$libinit$$00000030  c_w.l(libinit2.o)
    0x080002ee   0x00000000   Code   RO         7203    .ARM.Collect$$libinit$$00000032  c_w.l(libinit2.o)
    0x080002ee   0x00000002   Code   RO         7204    .ARM.Collect$$libinit$$00000033  c_w.l(libinit2.o)
    0x080002f0   0x00000002   Code   RO         7253    .ARM.Collect$$libshutdown$$00000000  c_w.l(libshutdown.o)
    0x080002f2   0x00000000   Code   RO         7263    .ARM.Collect$$libshutdown$$00000003  c_w.l(libshutdown2.o)
    0x080002f2   0x00000000   Code   RO         7266    .ARM.Collect$$libshutdown$$00000006  c_w.l(libshutdown2.o)
    0x080002f2   0x00000000   Code   RO         7269    .ARM.Collect$$libshutdown$$00000009  c_w.l(libshutdown2.o)
    0x080002f2   0x00000000   Code   RO         7271    .ARM.Collect$$libshutdown$$0000000B  c_w.l(libshutdown2.o)
    0x080002f2   0x00000000   Code   RO         7274    .ARM.Collect$$libshutdown$$0000000E  c_w.l(libshutdown2.o)
    0x080002f2   0x00000002   Code   RO         7275    .ARM.Collect$$libshutdown$$0000000F  c_w.l(libshutdown2.o)
    0x080002f4   0x00000000   Code   RO         6939    .ARM.Collect$$rtentry$$00000000  c_w.l(__rtentry.o)
    0x080002f4   0x00000000   Code   RO         7064    .ARM.Collect$$rtentry$$00000002  c_w.l(__rtentry2.o)
    0x080002f4   0x00000006   Code   RO         7076    .ARM.Collect$$rtentry$$00000004  c_w.l(__rtentry4.o)
    0x080002fa   0x00000000   Code   RO         7066    .ARM.Collect$$rtentry$$00000009  c_w.l(__rtentry2.o)
    0x080002fa   0x00000004   Code   RO         7067    .ARM.Collect$$rtentry$$0000000A  c_w.l(__rtentry2.o)
    0x080002fe   0x00000000   Code   RO         7069    .ARM.Collect$$rtentry$$0000000C  c_w.l(__rtentry2.o)
    0x080002fe   0x00000008   Code   RO         7070    .ARM.Collect$$rtentry$$0000000D  c_w.l(__rtentry2.o)
    0x08000306   0x00000002   Code   RO         7207    .ARM.Collect$$rtexit$$00000000  c_w.l(rtexit.o)
    0x08000308   0x00000000   Code   RO         7223    .ARM.Collect$$rtexit$$00000002  c_w.l(rtexit2.o)
    0x08000308   0x00000004   Code   RO         7224    .ARM.Collect$$rtexit$$00000003  c_w.l(rtexit2.o)
    0x0800030c   0x00000006   Code   RO         7225    .ARM.Collect$$rtexit$$00000004  c_w.l(rtexit2.o)
    0x08000312   0x00000002   PAD
    0x08000314   0x000000b6   Code   RO         4176    .emb_text           port.o
    0x080003ca   0x00000002   PAD
    0x080003cc   0x00000040   Code   RO         1310    .text               startup_stm32f40_41xxx.o
    0x0800040c   0x000024f0   Code   RO         6359    .text               libmpllib.lib(compass_vec_cal.o)
    0x080028fc   0x00000a18   Code   RO         6449    .text               libmpllib.lib(fast_no_motion.o)
    0x08003314   0x000006b0   Code   RO         6482    .text               libmpllib.lib(fusion_9axis.o)
    0x080039c4   0x000004c4   Code   RO         6504    .text               libmpllib.lib(gyro_tc.o)
    0x08003e88   0x000005c0   Code   RO         6522    .text               libmpllib.lib(mag_disturb.o)
    0x08004448   0x00000994   Code   RO         6544    .text               libmpllib.lib(quaternion_supervisor.o)
    0x08004ddc   0x00000c44   Code   RO         6562    .text               libmpllib.lib(accel_auto_cal.o)
    0x08005a20   0x00000002   Code   RO         6593    .text               c_w.l(use_no_semi_2.o)
    0x08005a22   0x00000026   Code   RO         6595    .text               c_w.l(llshl.o)
    0x08005a48   0x00000026   Code   RO         6597    .text               c_w.l(llsshr.o)
    0x08005a6e   0x00000048   Code   RO         6599    .text               c_w.l(llsdiv.o)
    0x08005ab6   0x00000002   PAD
    0x08005ab8   0x00000024   Code   RO         6601    .text               c_w.l(vsprintf.o)
    0x08005adc   0x00000018   Code   RO         6603    .text               c_w.l(__2printf.o)
    0x08005af4   0x0000004e   Code   RO         6613    .text               c_w.l(_printf_pad.o)
    0x08005b42   0x00000052   Code   RO         6615    .text               c_w.l(_printf_str.o)
    0x08005b94   0x00000078   Code   RO         6617    .text               c_w.l(_printf_dec.o)
    0x08005c0c   0x00000094   Code   RO         6637    .text               c_w.l(_printf_hex_int_ll_ptr.o)
    0x08005ca0   0x00000188   Code   RO         6657    .text               c_w.l(__printf_flags_ss_wp.o)
    0x08005e28   0x00000058   Code   RO         6667    .text               c_w.l(memcmp.o)
    0x08005e80   0x0000008a   Code   RO         6673    .text               c_w.l(rt_memcpy_v6.o)
    0x08005f0a   0x00000064   Code   RO         6675    .text               c_w.l(rt_memcpy_w.o)
    0x08005f6e   0x0000007a   Code   RO         6677    .text               c_w.l(rt_memmove_w.o)
    0x08005fe8   0x00000010   Code   RO         6679    .text               c_w.l(aeabi_memset.o)
    0x08005ff8   0x00000044   Code   RO         6681    .text               c_w.l(rt_memclr.o)
    0x0800603c   0x0000004e   Code   RO         6683    .text               c_w.l(rt_memclr_w.o)
    0x0800608a   0x00000006   Code   RO         6685    .text               c_w.l(heapauxi.o)
    0x08006090   0x00000002   Code   RO         6937    .text               c_w.l(use_no_semi.o)
    0x08006092   0x000000ee   Code   RO         6940    .text               c_w.l(lludivv7m.o)
    0x08006180   0x00000016   Code   RO         6942    .text               c_w.l(_rserrno.o)
    0x08006196   0x00000024   Code   RO         6944    .text               c_w.l(_printf_truncate.o)
    0x080061ba   0x000000b2   Code   RO         6946    .text               c_w.l(_printf_intcommon.o)
    0x0800626c   0x00000028   Code   RO         6948    .text               c_w.l(_printf_charcount.o)
    0x08006294   0x0000041a   Code   RO         6950    .text               c_w.l(_printf_fp_dec.o)
    0x080066ae   0x00000002   PAD
    0x080066b0   0x00000030   Code   RO         6952    .text               c_w.l(_printf_char_common.o)
    0x080066e0   0x0000000a   Code   RO         6954    .text               c_w.l(_sputc.o)
    0x080066ea   0x0000002c   Code   RO         6956    .text               c_w.l(_printf_char.o)
    0x08006716   0x00000002   PAD
    0x08006718   0x00000024   Code   RO         6958    .text               c_w.l(_printf_char_file.o)
    0x0800673c   0x000000bc   Code   RO         6960    .text               c_w.l(_printf_wctomb.o)
    0x080067f8   0x0000007c   Code   RO         6963    .text               c_w.l(_printf_longlong_dec.o)
    0x08006874   0x00000070   Code   RO         6969    .text               c_w.l(_printf_oct_int_ll.o)
    0x080068e4   0x00000008   Code   RO         7085    .text               c_w.l(rt_locale_intlibspace.o)
    0x080068ec   0x00000008   Code   RO         7090    .text               c_w.l(rt_errno_addr_intlibspace.o)
    0x080068f4   0x0000008a   Code   RO         7092    .text               c_w.l(lludiv10.o)
    0x0800697e   0x00000002   PAD
    0x08006980   0x000002fc   Code   RO         7094    .text               c_w.l(_printf_fp_hex.o)
    0x08006c7c   0x00000080   Code   RO         7097    .text               c_w.l(_printf_fp_infnan.o)
    0x08006cfc   0x0000002c   Code   RO         7101    .text               c_w.l(_printf_wchar.o)
    0x08006d28   0x000000dc   Code   RO         7103    .text               c_w.l(bigflt0.o)
    0x08006e04   0x00000008   Code   RO         7128    .text               c_w.l(ferror.o)
    0x08006e0c   0x00000040   Code   RO         7132    .text               c_w.l(_wcrtomb.o)
    0x08006e4c   0x00000008   Code   RO         7141    .text               c_w.l(libspace.o)
    0x08006e54   0x0000004a   Code   RO         7144    .text               c_w.l(sys_stackheap_outer.o)
    0x08006e9e   0x00000002   PAD
    0x08006ea0   0x00000010   Code   RO         7146    .text               c_w.l(rt_ctype_table.o)
    0x08006eb0   0x0000000c   Code   RO         7150    .text               c_w.l(exit.o)
    0x08006ebc   0x00000080   Code   RO         7152    .text               c_w.l(strcmpv7m.o)
    0x08006f3c   0x0000003e   Code   RO         7106    CL$$btod_d2e        c_w.l(btod.o)
    0x08006f7a   0x00000046   Code   RO         7108    CL$$btod_d2e_denorm_low  c_w.l(btod.o)
    0x08006fc0   0x00000060   Code   RO         7107    CL$$btod_d2e_norm_op1  c_w.l(btod.o)
    0x08007020   0x00000338   Code   RO         7116    CL$$btod_div_common  c_w.l(btod.o)
    0x08007358   0x000000c6   Code   RO         7113    CL$$btod_e2e        c_w.l(btod.o)
    0x0800741e   0x00000028   Code   RO         7110    CL$$btod_ediv       c_w.l(btod.o)
    0x08007446   0x00000028   Code   RO         7109    CL$$btod_emul       c_w.l(btod.o)
    0x0800746e   0x00000244   Code   RO         7115    CL$$btod_mult_common  c_w.l(btod.o)
    0x080076b2   0x00000006   Code   RO         2587    i.ADC_ClearFlag     stm32f4xx_adc.o
    0x080076b8   0x00000014   Code   RO         2589    i.ADC_Cmd           stm32f4xx_adc.o
    0x080076cc   0x0000002c   Code   RO         2590    i.ADC_CommonInit    stm32f4xx_adc.o
    0x080076f8   0x00000006   Code   RO         2601    i.ADC_GetConversionValue  stm32f4xx_adc.o
    0x080076fe   0x0000000e   Code   RO         2602    i.ADC_GetFlagStatus  stm32f4xx_adc.o
    0x0800770c   0x0000004c   Code   RO         2609    i.ADC_Init          stm32f4xx_adc.o
    0x08007758   0x00000074   Code   RO         2614    i.ADC_RegularChannelConfig  stm32f4xx_adc.o
    0x080077cc   0x0000000a   Code   RO         2616    i.ADC_SoftwareStartConv  stm32f4xx_adc.o
    0x080077d6   0x00000002   PAD
    0x080077d8   0x000000ac   Code   RO          472    i.Adc_Init          adc.o
    0x08007884   0x00000030   Code   RO          668    i.Beep_Init         gpio.o
    0x080078b4   0x00000002   Code   RO          306    i.BusFault_Handler  stm32f4xx_it.o
    0x080078b6   0x00000002   PAD
    0x080078b8   0x0000004c   Code   RO         1189    i.DMA2_Stream7_IRQHandler  usart.o
    0x08007904   0x0000002c   Code   RO         2825    i.DMA_ClearFlag     stm32f4xx_dma.o
    0x08007930   0x0000002c   Code   RO         2826    i.DMA_ClearITPendingBit  stm32f4xx_dma.o
    0x0800795c   0x00000014   Code   RO         2827    i.DMA_Cmd           stm32f4xx_dma.o
    0x08007970   0x00000124   Code   RO         2828    i.DMA_DeInit        stm32f4xx_dma.o
    0x08007a94   0x0000000e   Code   RO         2832    i.DMA_GetCmdStatus  stm32f4xx_dma.o
    0x08007aa2   0x00000006   Code   RO         2833    i.DMA_GetCurrDataCounter  stm32f4xx_dma.o
    0x08007aa8   0x00000054   Code   RO         2837    i.DMA_GetITStatus   stm32f4xx_dma.o
    0x08007afc   0x0000002c   Code   RO         2838    i.DMA_ITConfig      stm32f4xx_dma.o
    0x08007b28   0x00000054   Code   RO         2839    i.DMA_Init          stm32f4xx_dma.o
    0x08007b7c   0x00000004   Code   RO         2842    i.DMA_SetCurrDataCounter  stm32f4xx_dma.o
    0x08007b80   0x00000002   Code   RO          307    i.DebugMon_Handler  stm32f4xx_it.o
    0x08007b82   0x00000002   PAD
    0x08007b84   0x000000b4   Code   RO          781    i.EXTI1_IRQHandler  urf02.o
    0x08007c38   0x00000024   Code   RO          907    i.EXTI3_IRQHandler  mpu9250.o
    0x08007c5c   0x0000000c   Code   RO         3085    i.EXTI_ClearITPendingBit  stm32f4xx_exti.o
    0x08007c68   0x00000014   Code   RO         3089    i.EXTI_GetITStatus  stm32f4xx_exti.o
    0x08007c7c   0x00000070   Code   RO         3090    i.EXTI_Init         stm32f4xx_exti.o
    0x08007cec   0x00000078   Code   RO         1361    i.GPIO_Init         stm32f4xx_gpio.o
    0x08007d64   0x00000020   Code   RO         1362    i.GPIO_PinAFConfig  stm32f4xx_gpio.o
    0x08007d84   0x0000000e   Code   RO         1365    i.GPIO_ReadInputDataBit  stm32f4xx_gpio.o
    0x08007d92   0x00000004   Code   RO         1368    i.GPIO_ResetBits    stm32f4xx_gpio.o
    0x08007d96   0x00000080   Code   RO         1165    i.GPIO_Set          sys.o
    0x08007e16   0x00000004   Code   RO         1369    i.GPIO_SetBits      stm32f4xx_gpio.o
    0x08007e1a   0x00000002   PAD
    0x08007e1c   0x0000005c   Code   RO          669    i.GPIO_control      gpio.o
    0x08007e78   0x00000038   Code   RO          476    i.Get_Adc           adc.o
    0x08007eb0   0x00000038   Code   RO          477    i.Get_Adc2          adc.o
    0x08007ee8   0x0000005c   Code   RO          478    i.Get_Adc_Average   adc.o
    0x08007f44   0x00000094   Code   RO          479    i.Get_Power_State   adc.o
    0x08007fd8   0x00000002   Code   RO          308    i.HardFault_Handler  stm32f4xx_it.o
    0x08007fda   0x00000002   PAD
    0x08007fdc   0x00000040   Code   RO          842    i.IIC_Ack           myiic.o
    0x0800801c   0x00000038   Code   RO          843    i.IIC_Init          myiic.o
    0x08008054   0x00000040   Code   RO          844    i.IIC_NAck          myiic.o
    0x08008094   0x00000068   Code   RO          845    i.IIC_Read_Byte     myiic.o
    0x080080fc   0x00000060   Code   RO          846    i.IIC_Send_Byte     myiic.o
    0x0800815c   0x00000040   Code   RO          847    i.IIC_Start         myiic.o
    0x0800819c   0x00000044   Code   RO          848    i.IIC_Stop          myiic.o
    0x080081e0   0x00000054   Code   RO          849    i.IIC_Wait_Ack      myiic.o
    0x08008234   0x000000e4   Code   RO         1025    i.IR_Init           infrared.o
    0x08008318   0x00000010   Code   RO         3146    i.IWDG_Enable       stm32f4xx_iwdg.o
    0x08008328   0x00000026   Code   RO          695    i.IWDG_Init         iwdg.o
    0x0800834e   0x00000002   PAD
    0x08008350   0x00000010   Code   RO         3148    i.IWDG_ReloadCounter  stm32f4xx_iwdg.o
    0x08008360   0x0000000c   Code   RO         3149    i.IWDG_SetPrescaler  stm32f4xx_iwdg.o
    0x0800836c   0x0000000c   Code   RO         3150    i.IWDG_SetReload    stm32f4xx_iwdg.o
    0x08008378   0x0000000c   Code   RO         3151    i.IWDG_WriteAccessCmd  stm32f4xx_iwdg.o
    0x08008384   0x000000b2   Code   RO          914    i.MPU_Init          mpu9250.o
    0x08008436   0x00000044   Code   RO          915    i.MPU_Read_Byte     mpu9250.o
    0x0800847a   0x0000006a   Code   RO          916    i.MPU_Read_Len      mpu9250.o
    0x080084e4   0x0000000c   Code   RO          917    i.MPU_Set_Accel_Fsr  mpu9250.o
    0x080084f0   0x00000010   Code   RO          918    i.MPU_Set_Gyro_Fsr  mpu9250.o
    0x08008500   0x00000032   Code   RO          919    i.MPU_Set_LPF       mpu9250.o
    0x08008532   0x00000030   Code   RO          920    i.MPU_Set_Rate      mpu9250.o
    0x08008562   0x00000040   Code   RO          921    i.MPU_Write_Byte    mpu9250.o
    0x080085a2   0x00000052   Code   RO          922    i.MPU_Write_Len     mpu9250.o
    0x080085f4   0x00000002   Code   RO          309    i.MemManage_Handler  stm32f4xx_it.o
    0x080085f6   0x00000002   Code   RO          310    i.NMI_Handler       stm32f4xx_it.o
    0x080085f8   0x00000064   Code   RO         1316    i.NVIC_Init         misc.o
    0x0800865c   0x00000014   Code   RO         1317    i.NVIC_PriorityGroupConfig  misc.o
    0x08008670   0x00000070   Code   RO            3    i.POWER_task        main.o
    0x080086e0   0x00000024   Code   RO            4    i.Parameter_Init    main.o
    0x08008704   0x00000018   Code   RO         2249    i.RCC_AHB1PeriphClockCmd  stm32f4xx_rcc.o
    0x0800871c   0x00000018   Code   RO         2258    i.RCC_APB1PeriphClockCmd  stm32f4xx_rcc.o
    0x08008734   0x00000018   Code   RO         2261    i.RCC_APB2PeriphClockCmd  stm32f4xx_rcc.o
    0x0800874c   0x00000018   Code   RO         2263    i.RCC_APB2PeriphResetCmd  stm32f4xx_rcc.o
    0x08008764   0x00000090   Code   RO         2270    i.RCC_GetClocksFreq  stm32f4xx_rcc.o
    0x080087f4   0x00000040   Code   RO          782    i.Read_URF          urf02.o
    0x08008834   0x00000030   Code   RO         1461    i.SYSCFG_EXTILineConfig  stm32f4xx_syscfg.o
    0x08008864   0x000000b4   Code   RO          385    i.SetSysClock       system_stm32f4xx.o
    0x08008918   0x00000018   Code   RO         1320    i.SysTick_CLKSourceConfig  misc.o
    0x08008930   0x00000020   Code   RO         1112    i.SysTick_Handler   delay.o
    0x08008950   0x0000005c   Code   RO          387    i.SystemInit        system_stm32f4xx.o
    0x080089ac   0x000000b8   Code   RO            5    i.System_Init       main.o
    0x08008a64   0x0000002e   Code   RO         1702    i.TI1_Config        stm32f4xx_tim.o
    0x08008a92   0x00000036   Code   RO         1703    i.TI2_Config        stm32f4xx_tim.o
    0x08008ac8   0x00000010   Code   RO          783    i.TIM12_IRQ_Config  urf02.o
    0x08008ad8   0x00000054   Code   RO          784    i.TIM12_Init        urf02.o
    0x08008b2c   0x00000022   Code   RO          785    i.TIM12_NVIC_Config  urf02.o
    0x08008b4e   0x00000002   PAD
    0x08008b50   0x00000024   Code   RO          752    i.TIM1_BRK_TIM9_IRQHandler  tim9.o
    0x08008b74   0x00000170   Code   RO         1026    i.TIM3_IRQHandler   infrared.o
    0x08008ce4   0x00000024   Code   RO          720    i.TIM6_DAC_IRQHandler  tim_6_7.o
    0x08008d08   0x00000024   Code   RO          721    i.TIM7_IRQHandler   tim_6_7.o
    0x08008d2c   0x0000002c   Code   RO          786    i.TIM8_BRK_TIM12_IRQHandler  urf02.o
    0x08008d58   0x00000058   Code   RO         1027    i.TIM_6_INIT        infrared.o
    0x08008db0   0x00000058   Code   RO         1028    i.TIM_7_INIT        infrared.o
    0x08008e08   0x00000014   Code   RO         1704    i.TIM_ARRPreloadConfig  stm32f4xx_tim.o
    0x08008e1c   0x00000006   Code   RO         1710    i.TIM_ClearFlag     stm32f4xx_tim.o
    0x08008e22   0x00000006   Code   RO         1711    i.TIM_ClearITPendingBit  stm32f4xx_tim.o
    0x08008e28   0x00000014   Code   RO         1716    i.TIM_Cmd           stm32f4xx_tim.o
    0x08008e3c   0x00000004   Code   RO         1735    i.TIM_GetCounter    stm32f4xx_tim.o
    0x08008e40   0x00000018   Code   RO         1737    i.TIM_GetITStatus   stm32f4xx_tim.o
    0x08008e58   0x000000ac   Code   RO         1739    i.TIM_ICInit        stm32f4xx_tim.o
    0x08008f04   0x00000010   Code   RO         1741    i.TIM_ITConfig      stm32f4xx_tim.o
    0x08008f14   0x0000000c   Code   RO         1747    i.TIM_OC1PolarityConfig  stm32f4xx_tim.o
    0x08008f20   0x00000014   Code   RO         1752    i.TIM_OC2PolarityConfig  stm32f4xx_tim.o
    0x08008f34   0x00000014   Code   RO         1753    i.TIM_OC2PreloadConfig  stm32f4xx_tim.o
    0x08008f48   0x00000004   Code   RO         1782    i.TIM_SetCounter    stm32f4xx_tim.o
    0x08008f4c   0x00000010   Code   RO         1783    i.TIM_SetIC1Prescaler  stm32f4xx_tim.o
    0x08008f5c   0x00000018   Code   RO         1784    i.TIM_SetIC2Prescaler  stm32f4xx_tim.o
    0x08008f74   0x00000010   Code   RO         1785    i.TIM_SetIC3Prescaler  stm32f4xx_tim.o
    0x08008f84   0x00000018   Code   RO         1786    i.TIM_SetIC4Prescaler  stm32f4xx_tim.o
    0x08008f9c   0x0000007c   Code   RO         1788    i.TIM_TimeBaseInit  stm32f4xx_tim.o
    0x08009018   0x00000040   Code   RO          540    i.ULT_IIC_Ack       iic.o
    0x08009058   0x0000003c   Code   RO          541    i.ULT_IIC_Init      iic.o
    0x08009094   0x00000040   Code   RO          542    i.ULT_IIC_NAck      iic.o
    0x080090d4   0x00000068   Code   RO          543    i.ULT_IIC_Read_Byte  iic.o
    0x0800913c   0x00000060   Code   RO          544    i.ULT_IIC_Send_Byte  iic.o
    0x0800919c   0x00000040   Code   RO          545    i.ULT_IIC_Start     iic.o
    0x080091dc   0x00000044   Code   RO          546    i.ULT_IIC_Stop      iic.o
    0x08009220   0x00000064   Code   RO          547    i.ULT_IIC_Wait_Ack  iic.o
    0x08009284   0x000000ac   Code   RO            6    i.ULT_task          main.o
    0x08009330   0x000000ac   Code   RO          787    i.URF_Init          urf02.o
    0x080093dc   0x0000009c   Code   RO         1190    i.USART1_IRQHandler  usart.o
    0x08009478   0x00000014   Code   RO         1518    i.USART_Cmd         stm32f4xx_usart.o
    0x0800948c   0x00000068   Code   RO         1192    i.USART_DATA_Handler  usart.o
    0x080094f4   0x00000010   Code   RO         1519    i.USART_DMACmd      stm32f4xx_usart.o
    0x08009504   0x0000003e   Code   RO         1522    i.USART_GetITStatus  stm32f4xx_usart.o
    0x08009542   0x00000030   Code   RO         1524    i.USART_ITConfig    stm32f4xx_usart.o
    0x08009572   0x00000002   PAD
    0x08009574   0x000000ac   Code   RO         1525    i.USART_Init        stm32f4xx_usart.o
    0x08009620   0x00000064   Code   RO            7    i.USART_task        main.o
    0x08009684   0x00000002   Code   RO          311    i.UsageFault_Handler  stm32f4xx_it.o
    0x08009686   0x00000096   Code   RO         4971    i._MLPrintLog       log_stm32.o
    0x0800971c   0x00000030   Code   RO         7028    i.__ARM_fpclassify  m_wm.l(fpclassify.o)
    0x0800974c   0x00000026   Code   RO         7030    i.__ARM_fpclassifyf  m_wm.l(fpclassifyf.o)
    0x08009772   0x00000002   PAD
    0x08009774   0x00000118   Code   RO         6743    i.__hardfp_acosf    m_wm.l(acosf.o)
    0x0800988c   0x00000250   Code   RO         6807    i.__hardfp_atan2f   m_wm.l(atan2f.o)
    0x08009adc   0x00000004   PAD
    0x08009ae0   0x000000c8   Code   RO         6825    i.__hardfp_cos      m_wm.l(cos.o)
    0x08009ba8   0x00000150   Code   RO         6837    i.__hardfp_cosf     m_wm.l(cosf.o)
    0x08009cf8   0x00000014   Code   RO         6849    i.__hardfp_fabs     m_wm.l(fabs.o)
    0x08009d0c   0x00000004   PAD
    0x08009d10   0x000003c4   Code   RO         6861    i.__hardfp_log      m_wm.l(log.o)
    0x0800a0d4   0x00000190   Code   RO         6901    i.__hardfp_sinf     m_wm.l(sinf.o)
    0x0800a264   0x0000007a   Code   RO         6913    i.__hardfp_sqrt     m_wm.l(sqrt.o)
    0x0800a2de   0x0000003a   Code   RO         6925    i.__hardfp_sqrtf    m_wm.l(sqrtf.o)
    0x0800a318   0x00000438   Code   RO         7049    i.__ieee754_rem_pio2  m_wm.l(rred.o)
    0x0800a750   0x00000170   Code   RO         7011    i.__kernel_cos      m_wm.l(cos_i.o)
    0x0800a8c0   0x000000f8   Code   RO         7046    i.__kernel_poly     m_wm.l(poly.o)
    0x0800a9b8   0x00000130   Code   RO         7057    i.__kernel_sin      m_wm.l(sin_i.o)
    0x0800aae8   0x00000030   Code   RO         7014    i.__mathlib_dbl_divzero  m_wm.l(dunder.o)
    0x0800ab18   0x00000014   Code   RO         7015    i.__mathlib_dbl_infnan  m_wm.l(dunder.o)
    0x0800ab2c   0x00000004   PAD
    0x0800ab30   0x00000020   Code   RO         7017    i.__mathlib_dbl_invalid  m_wm.l(dunder.o)
    0x0800ab50   0x00000020   Code   RO         7020    i.__mathlib_dbl_underflow  m_wm.l(dunder.o)
    0x0800ab70   0x00000006   Code   RO         7033    i.__mathlib_flt_infnan  m_wm.l(funder.o)
    0x0800ab76   0x00000006   Code   RO         7034    i.__mathlib_flt_infnan2  m_wm.l(funder.o)
    0x0800ab7c   0x00000010   Code   RO         7035    i.__mathlib_flt_invalid  m_wm.l(funder.o)
    0x0800ab8c   0x00000010   Code   RO         7038    i.__mathlib_flt_underflow  m_wm.l(funder.o)
    0x0800ab9c   0x00000154   Code   RO         7054    i.__mathlib_rredf2  m_wm.l(rredf.o)
    0x0800acf0   0x00000030   Code   RO         6016    i.__print_result_location  mpl.o
    0x0800ad20   0x0000000e   Code   RO         6650    i._is_digit         c_w.l(__printf_wp.o)
    0x0800ad2e   0x00000002   Code   RO         1193    i._sys_exit         usart.o
    0x0800ad30   0x000004b0   Code   RO         4318    i.accel_6500_self_test  inv_mpu.o
    0x0800b1e0   0x00000118   Code   RO         4319    i.compass_self_test  inv_mpu.o
    0x0800b2f8   0x00000238   Code   RO         1194    i.data_transition   usart.o
    0x0800b530   0x00000038   Code   RO         1113    i.delay_init        delay.o
    0x0800b568   0x00000038   Code   RO         1114    i.delay_ms          delay.o
    0x0800b5a0   0x0000000a   Code   RO         4320    i.delay_ms_os       inv_mpu.o
    0x0800b5aa   0x00000002   PAD
    0x0800b5ac   0x00000034   Code   RO         1115    i.delay_us          delay.o
    0x0800b5e0   0x0000007c   Code   RO         1195    i.dma_uart_rx_init  usart.o
    0x0800b65c   0x000000a0   Code   RO         1196    i.dma_uart_tx_init  usart.o
    0x0800b6fc   0x0000003a   Code   RO         4790    i.dmp_enable_6x_lp_quat  inv_mpu_dmp_motion_driver.o
    0x0800b736   0x00000002   PAD
    0x0800b738   0x000001dc   Code   RO         4791    i.dmp_enable_feature  inv_mpu_dmp_motion_driver.o
    0x0800b914   0x00000038   Code   RO         4792    i.dmp_enable_gyro_cal  inv_mpu_dmp_motion_driver.o
    0x0800b94c   0x0000003a   Code   RO         4793    i.dmp_enable_lp_quat  inv_mpu_dmp_motion_driver.o
    0x0800b986   0x00000002   PAD
    0x0800b988   0x00000014   Code   RO         4798    i.dmp_load_motion_driver_firmware  inv_mpu_dmp_motion_driver.o
    0x0800b99c   0x0000014c   Code   RO         4799    i.dmp_read_fifo     inv_mpu_dmp_motion_driver.o
    0x0800bae8   0x000000d8   Code   RO         4802    i.dmp_set_accel_bias  inv_mpu_dmp_motion_driver.o
    0x0800bbc0   0x00000064   Code   RO         4803    i.dmp_set_fifo_rate  inv_mpu_dmp_motion_driver.o
    0x0800bc24   0x000000cc   Code   RO         4804    i.dmp_set_gyro_bias  inv_mpu_dmp_motion_driver.o
    0x0800bcf0   0x0000010c   Code   RO         4806    i.dmp_set_orientation  inv_mpu_dmp_motion_driver.o
    0x0800bdfc   0x00000030   Code   RO         4809    i.dmp_set_shake_reject_thresh  inv_mpu_dmp_motion_driver.o
    0x0800be2c   0x00000020   Code   RO         4810    i.dmp_set_shake_reject_time  inv_mpu_dmp_motion_driver.o
    0x0800be4c   0x00000020   Code   RO         4811    i.dmp_set_shake_reject_timeout  inv_mpu_dmp_motion_driver.o
    0x0800be6c   0x00000040   Code   RO         4812    i.dmp_set_tap_axes  inv_mpu_dmp_motion_driver.o
    0x0800beac   0x00000022   Code   RO         4813    i.dmp_set_tap_count  inv_mpu_dmp_motion_driver.o
    0x0800bece   0x00000002   PAD
    0x0800bed0   0x00000160   Code   RO         4814    i.dmp_set_tap_thresh  inv_mpu_dmp_motion_driver.o
    0x0800c030   0x00000020   Code   RO         4815    i.dmp_set_tap_time  inv_mpu_dmp_motion_driver.o
    0x0800c050   0x00000020   Code   RO         4816    i.dmp_set_tap_time_multi  inv_mpu_dmp_motion_driver.o
    0x0800c070   0x00000018   Code   RO         6851    i.fabs              m_wm.l(fabs.o)
    0x0800c088   0x00000014   Code   RO         1198    i.fputc             usart.o
    0x0800c09c   0x0000001c   Code   RO         1117    i.getSysTickCnt     delay.o
    0x0800c0b8   0x000000d0   Code   RO         1029    i.get_ir_data       infrared.o
    0x0800c188   0x000004d8   Code   RO         4321    i.get_st_6500_biases  inv_mpu.o
    0x0800c660   0x0000046c   Code   RO         4323    i.gyro_6500_self_test  inv_mpu.o
    0x0800cacc   0x0000006a   Code   RO         5092    i.inv_apply_calibration  data_builder.o
    0x0800cb36   0x00000002   PAD
    0x0800cb38   0x00000068   Code   RO         5093    i.inv_build_accel   data_builder.o
    0x0800cba0   0x00000084   Code   RO         5094    i.inv_build_compass  data_builder.o
    0x0800cc24   0x00000030   Code   RO         5095    i.inv_build_gyro    data_builder.o
    0x0800cc54   0x0000001c   Code   RO         5097    i.inv_build_temp    data_builder.o
    0x0800cc70   0x000000ac   Code   RO         5666    i.inv_compass_angle  ml_math_func.o
    0x0800cd1c   0x0000005a   Code   RO         5668    i.inv_convert_to_body_with_scale  ml_math_func.o
    0x0800cd76   0x00000002   PAD
    0x0800cd78   0x0000003c   Code   RO         5099    i.inv_db_load_func  data_builder.o
    0x0800cdb4   0x00000014   Code   RO         5100    i.inv_db_save_func  data_builder.o
    0x0800cdc8   0x0000001c   Code   RO         5011    i.inv_enable_eMPL_outputs  empl_outputs.o
    0x0800cde4   0x0000001c   Code   RO         6054    i.inv_enable_results_holder  results_holder.o
    0x0800ce00   0x00000028   Code   RO         6289    i.inv_execute_mpl_start_notification  start_manager.o
    0x0800ce28   0x00000080   Code   RO         5103    i.inv_execute_on_data  data_builder.o
    0x0800cea8   0x000000a8   Code   RO         5012    i.inv_generate_eMPL_outputs  empl_outputs.o
    0x0800cf50   0x00000010   Code   RO         6055    i.inv_generate_results  results_holder.o
    0x0800cf60   0x00000014   Code   RO         6056    i.inv_get_6axis_quaternion  results_holder.o
    0x0800cf74   0x0000000c   Code   RO         6057    i.inv_get_acc_state  results_holder.o
    0x0800cf80   0x0000000c   Code   RO         5104    i.inv_get_accel_accuracy  data_builder.o
    0x0800cf8c   0x00000010   Code   RO         5106    i.inv_get_accel_on  data_builder.o
    0x0800cf9c   0x00000028   Code   RO         5110    i.inv_get_accel_set  data_builder.o
    0x0800cfc4   0x00000014   Code   RO         5111    i.inv_get_compass_bias  data_builder.o
    0x0800cfd8   0x00000018   Code   RO         6061    i.inv_get_compass_correction  results_holder.o
    0x0800cff0   0x00000010   Code   RO         5113    i.inv_get_compass_on  data_builder.o
    0x0800d000   0x0000001c   Code   RO         5120    i.inv_get_compass_soft_iron_output_data  data_builder.o
    0x0800d01c   0x0000000c   Code   RO         6062    i.inv_get_compass_state  results_holder.o
    0x0800d028   0x00000054   Code   RO         6063    i.inv_get_gravity   results_holder.o
    0x0800d07c   0x00000010   Code   RO         5121    i.inv_get_gyro      data_builder.o
    0x0800d08c   0x0000000c   Code   RO         5122    i.inv_get_gyro_accuracy  data_builder.o
    0x0800d098   0x00000024   Code   RO         5123    i.inv_get_gyro_bias  data_builder.o
    0x0800d0bc   0x00000018   Code   RO         5124    i.inv_get_gyro_bias_tc_set  data_builder.o
    0x0800d0d4   0x00000010   Code   RO         5125    i.inv_get_gyro_on   data_builder.o
    0x0800d0e4   0x00000018   Code   RO         5672    i.inv_get_gyro_sum_of_sqr  ml_math_func.o
    0x0800d0fc   0x0000000c   Code   RO         6066    i.inv_get_large_mag_field  results_holder.o
    0x0800d108   0x00000048   Code   RO         5131    i.inv_get_last_timestamp  data_builder.o
    0x0800d150   0x0000003a   Code   RO         6067    i.inv_get_linear_accel  results_holder.o
    0x0800d18a   0x00000002   PAD
    0x0800d18c   0x00000044   Code   RO         6068    i.inv_get_linear_accel_float  results_holder.o
    0x0800d1d0   0x00000010   Code   RO         6069    i.inv_get_local_field  results_holder.o
    0x0800d1e0   0x0000001c   Code   RO         5132    i.inv_get_mag_accuracy  data_builder.o
    0x0800d1fc   0x00000010   Code   RO         6071    i.inv_get_motion_state  results_holder.o
    0x0800d20c   0x00000034   Code   RO         6072    i.inv_get_quaternion  results_holder.o
    0x0800d240   0x00000038   Code   RO         6074    i.inv_get_quaternion_set  results_holder.o
    0x0800d278   0x000001c0   Code   RO         5015    i.inv_get_sensor_type_euler  empl_outputs.o
    0x0800d438   0x00000060   Code   RO         5542    i.inv_get_sensor_type_gravity  hal_outputs.o
    0x0800d498   0x0000000c   Code   RO         6076    i.inv_got_compass_bias  results_holder.o
    0x0800d4a4   0x0000003c   Code   RO         5135    i.inv_init_data_builder  data_builder.o
    0x0800d4e0   0x0000008c   Code   RO         6018    i.inv_init_mpl      mpl.o
    0x0800d56c   0x00000030   Code   RO         6077    i.inv_init_results_holder  results_holder.o
    0x0800d59c   0x00000014   Code   RO         6290    i.inv_init_start_manager  start_manager.o
    0x0800d5b0   0x00000018   Code   RO         6322    i.inv_init_storage_manager  storage_manager.o
    0x0800d5c8   0x00000022   Code   RO         5681    i.inv_orientation_matrix_to_scalar  ml_math_func.o
    0x0800d5ea   0x0000000c   Code   RO         5682    i.inv_q29_mult      ml_math_func.o
    0x0800d5f6   0x0000000c   Code   RO         5684    i.inv_q30_mult      ml_math_func.o
    0x0800d602   0x00000024   Code   RO         5686    i.inv_q_add         ml_math_func.o
    0x0800d626   0x00000042   Code   RO         5687    i.inv_q_addf        ml_math_func.o
    0x0800d668   0x00000018   Code   RO         5688    i.inv_q_invert      ml_math_func.o
    0x0800d680   0x0000002e   Code   RO         5689    i.inv_q_invertf     ml_math_func.o
    0x0800d6ae   0x000000b0   Code   RO         5690    i.inv_q_mult        ml_math_func.o
    0x0800d75e   0x000000d2   Code   RO         5691    i.inv_q_multf       ml_math_func.o
    0x0800d830   0x00000084   Code   RO         5692    i.inv_q_norm4       ml_math_func.o
    0x0800d8b4   0x000000b0   Code   RO         5694    i.inv_q_normalizef  ml_math_func.o
    0x0800d964   0x00000040   Code   RO         5695    i.inv_q_rotate      ml_math_func.o
    0x0800d9a4   0x000000da   Code   RO         5697    i.inv_quaternion_to_rotation  ml_math_func.o
    0x0800da7e   0x00000002   PAD
    0x0800da80   0x000000a8   Code   RO         5138    i.inv_register_data_cb  data_builder.o
    0x0800db28   0x00000068   Code   RO         6324    i.inv_register_load_store  storage_manager.o
    0x0800db90   0x00000020   Code   RO         6291    i.inv_register_mpl_start_notification  start_manager.o
    0x0800dbb0   0x00000050   Code   RO         5139    i.inv_reset_compass_soft_iron_matrix  data_builder.o
    0x0800dc00   0x00000048   Code   RO         5699    i.inv_row_2_scale   ml_math_func.o
    0x0800dc48   0x0000001c   Code   RO         5140    i.inv_set_accel_accuracy  data_builder.o
    0x0800dc64   0x0000000c   Code   RO         6080    i.inv_set_accel_bias_found  results_holder.o
    0x0800dc70   0x00000050   Code   RO         5143    i.inv_set_accel_bias_mask  data_builder.o
    0x0800dcc0   0x0000000c   Code   RO         5144    i.inv_set_accel_orientation_and_scale  data_builder.o
    0x0800dccc   0x0000002c   Code   RO         5145    i.inv_set_accel_sample_rate  data_builder.o
    0x0800dcf8   0x00000048   Code   RO         5147    i.inv_set_compass_bias  data_builder.o
    0x0800dd40   0x00000010   Code   RO         6081    i.inv_set_compass_bias_error  results_holder.o
    0x0800dd50   0x0000000c   Code   RO         6082    i.inv_set_compass_bias_found  results_holder.o
    0x0800dd5c   0x00000020   Code   RO         6083    i.inv_set_compass_correction  results_holder.o
    0x0800dd7c   0x0000000c   Code   RO         5148    i.inv_set_compass_disturbance  data_builder.o
    0x0800dd88   0x00000010   Code   RO         5149    i.inv_set_compass_orientation_and_scale  data_builder.o
    0x0800dd98   0x0000002c   Code   RO         5150    i.inv_set_compass_sample_rate  data_builder.o
    0x0800ddc4   0x00000050   Code   RO         5151    i.inv_set_compass_soft_iron_input_data  data_builder.o
    0x0800de14   0x0000000c   Code   RO         6084    i.inv_set_compass_state  results_holder.o
    0x0800de20   0x00000080   Code   RO         5154    i.inv_set_contiguous  data_builder.o
    0x0800dea0   0x0000005c   Code   RO         5156    i.inv_set_gyro_bias  data_builder.o
    0x0800defc   0x0000000c   Code   RO         5157    i.inv_set_gyro_orientation_and_scale  data_builder.o
    0x0800df08   0x00000028   Code   RO         5158    i.inv_set_gyro_sample_rate  data_builder.o
    0x0800df30   0x00000014   Code   RO         5641    i.inv_set_message   message_layer.o
    0x0800df44   0x00000034   Code   RO         6089    i.inv_set_motion_state  results_holder.o
    0x0800df78   0x00000010   Code   RO         5020    i.inv_start_eMPL_outputs  empl_outputs.o
    0x0800df88   0x00000050   Code   RO         6019    i.inv_start_mpl     mpl.o
    0x0800dfd8   0x00000018   Code   RO         6090    i.inv_start_results_holder  results_holder.o
    0x0800dff0   0x00000020   Code   RO         6091    i.inv_store_gaming_quaternion  results_holder.o
    0x0800e010   0x0000004c   Code   RO         5161    i.inv_unregister_data_cb  data_builder.o
    0x0800e05c   0x00000048   Code   RO         6292    i.inv_unregister_mpl_start_notification  start_manager.o
    0x0800e0a4   0x00000038   Code   RO            9    i.main              main.o
    0x0800e0dc   0x00000002   Code   RO         4325    i.mget_ms           inv_mpu.o
    0x0800e0de   0x00000032   Code   RO         5704    i.mlMatrixVectorMult  ml_math_func.o
    0x0800e110   0x00000164   Code   RO           10    i.mpu9250_task      main.o
    0x0800e274   0x00000058   Code   RO         4326    i.mpu_configure_fifo  inv_mpu.o
    0x0800e2cc   0x00000160   Code   RO         4328    i.mpu_dmp_init      inv_mpu.o
    0x0800e42c   0x0000003c   Code   RO         4329    i.mpu_get_accel_fsr  inv_mpu.o
    0x0800e468   0x00000044   Code   RO         4331    i.mpu_get_accel_sens  inv_mpu.o
    0x0800e4ac   0x00000080   Code   RO         4333    i.mpu_get_compass_reg  inv_mpu.o
    0x0800e52c   0x00000034   Code   RO         4337    i.mpu_get_gyro_fsr  inv_mpu.o
    0x0800e560   0x0000004c   Code   RO         4339    i.mpu_get_gyro_sens  inv_mpu.o
    0x0800e5ac   0x00000038   Code   RO         4341    i.mpu_get_lpf       inv_mpu.o
    0x0800e5e4   0x0000001c   Code   RO         4343    i.mpu_get_sample_rate  inv_mpu.o
    0x0800e600   0x0000007c   Code   RO         4344    i.mpu_get_temperature  inv_mpu.o
    0x0800e67c   0x000000d8   Code   RO         4345    i.mpu_init          inv_mpu.o
    0x0800e754   0x000000a4   Code   RO         4346    i.mpu_load_firmware  inv_mpu.o
    0x0800e7f8   0x000000b8   Code   RO         4347    i.mpu_lp_accel_mode  inv_mpu.o
    0x0800e8b0   0x00000180   Code   RO         4349    i.mpu_mpl_get_data  inv_mpu.o
    0x0800ea30   0x00000090   Code   RO         4354    i.mpu_read_fifo_stream  inv_mpu.o
    0x0800eac0   0x00000054   Code   RO         4355    i.mpu_read_mem      inv_mpu.o
    0x0800eb14   0x0000015c   Code   RO         4358    i.mpu_reset_fifo    inv_mpu.o
    0x0800ec70   0x00000278   Code   RO         4359    i.mpu_run_6500_self_test  inv_mpu.o
    0x0800eee8   0x00000068   Code   RO         4363    i.mpu_set_accel_fsr  inv_mpu.o
    0x0800ef50   0x000000dc   Code   RO         4364    i.mpu_set_bypass    inv_mpu.o
    0x0800f02c   0x0000004c   Code   RO         4365    i.mpu_set_compass_sample_rate  inv_mpu.o
    0x0800f078   0x00000078   Code   RO         4366    i.mpu_set_dmp_state  inv_mpu.o
    0x0800f0f0   0x0000006c   Code   RO         4368    i.mpu_set_gyro_fsr  inv_mpu.o
    0x0800f15c   0x00000064   Code   RO         4369    i.mpu_set_int_latched  inv_mpu.o
    0x0800f1c0   0x0000006c   Code   RO         4371    i.mpu_set_lpf       inv_mpu.o
    0x0800f22c   0x00000088   Code   RO         4372    i.mpu_set_sample_rate  inv_mpu.o
    0x0800f2b4   0x00000134   Code   RO         4373    i.mpu_set_sensors   inv_mpu.o
    0x0800f3e8   0x00000054   Code   RO         4374    i.mpu_write_mem     inv_mpu.o
    0x0800f43c   0x00000070   Code   RO         3695    i.prvAddCurrentTaskToDelayedList  tasks.o
    0x0800f4ac   0x000000d0   Code   RO         3696    i.prvAddNewTaskToReadyList  tasks.o
    0x0800f57c   0x00000050   Code   RO         4048    i.prvCheckForValidListAndQueue  timers.o
    0x0800f5cc   0x00000054   Code   RO         3697    i.prvCheckTasksWaitingTermination  tasks.o
    0x0800f620   0x00000026   Code   RO         3469    i.prvCopyDataFromQueue  queue.o
    0x0800f646   0x0000006c   Code   RO         3470    i.prvCopyDataToQueue  queue.o
    0x0800f6b2   0x00000014   Code   RO         3698    i.prvDeleteTCB      tasks.o
    0x0800f6c6   0x00000002   PAD
    0x0800f6c8   0x0000004c   Code   RO         4261    i.prvHeapInit       heap_4.o
    0x0800f714   0x00000028   Code   RO         3699    i.prvIdleTask       tasks.o
    0x0800f73c   0x000000c0   Code   RO         3700    i.prvInitialiseNewTask  tasks.o
    0x0800f7fc   0x0000004c   Code   RO         4262    i.prvInsertBlockIntoFreeList  heap_4.o
    0x0800f848   0x00000038   Code   RO         4049    i.prvInsertTimerInActiveList  timers.o
    0x0800f880   0x0000001a   Code   RO         3471    i.prvIsQueueEmpty   queue.o
    0x0800f89a   0x00000002   PAD
    0x0800f89c   0x00000090   Code   RO         3472    i.prvNotifyQueueSetContainer  queue.o
    0x0800f92c   0x00000060   Code   RO         4050    i.prvProcessExpiredTimer  timers.o
    0x0800f98c   0x000000f0   Code   RO         4051    i.prvProcessReceivedCommands  timers.o
    0x0800fa7c   0x0000006c   Code   RO         4052    i.prvProcessTimerOrBlockTask  timers.o
    0x0800fae8   0x00000020   Code   RO         3702    i.prvResetNextTaskUnblockTime  tasks.o
    0x0800fb08   0x00000028   Code   RO         4053    i.prvSampleTimeNow  timers.o
    0x0800fb30   0x0000006c   Code   RO         4054    i.prvSwitchTimerLists  timers.o
    0x0800fb9c   0x00000064   Code   RO         4177    i.prvTaskExitError  port.o
    0x0800fc00   0x00000028   Code   RO         4055    i.prvTimerTask      timers.o
    0x0800fc28   0x00000078   Code   RO         3473    i.prvUnlockQueue    queue.o
    0x0800fca0   0x00000114   Code   RO         4263    i.pvPortMalloc      heap_4.o
    0x0800fdb4   0x00000018   Code   RO         3704    i.pvTaskIncrementMutexHeldCount  tasks.o
    0x0800fdcc   0x0000002c   Code   RO         4178    i.pxPortInitialiseStack  port.o
    0x0800fdf8   0x0000003c   Code   RO          550    i.requestRange      iic.o
    0x0800fe34   0x0000008a   Code   RO         4375    i.run_self_test     inv_mpu.o
    0x0800febe   0x00000002   PAD
    0x0800fec0   0x00000054   Code   RO         4376    i.set_int_enable    inv_mpu.o
    0x0800ff14   0x000001d8   Code   RO         4377    i.setup_compass     inv_mpu.o
    0x080100ec   0x0000003e   Code   RO         6927    i.sqrtf             m_wm.l(sqrtf.o)
    0x0801012a   0x00000002   PAD
    0x0801012c   0x000000e8   Code   RO           11    i.start_task        main.o
    0x08010214   0x00000024   Code   RO          551    i.takeRangeReading  iic.o
    0x08010238   0x00000060   Code   RO         1199    i.uart_DMA_send     usart.o
    0x08010298   0x000000bc   Code   RO         1200    i.uart_init         usart.o
    0x08010354   0x00000024   Code   RO         3424    i.uxListRemove      list.o
    0x08010378   0x00000020   Code   RO           12    i.vApplicationStackOverflowHook  main.o
    0x08010398   0x00000016   Code   RO         3425    i.vListInitialise   list.o
    0x080103ae   0x00000006   Code   RO         3426    i.vListInitialiseItem  list.o
    0x080103b4   0x00000030   Code   RO         3427    i.vListInsert       list.o
    0x080103e4   0x00000018   Code   RO         3428    i.vListInsertEnd    list.o
    0x080103fc   0x00000078   Code   RO         4180    i.vPortEnterCritical  port.o
    0x08010474   0x00000064   Code   RO         4181    i.vPortExitCritical  port.o
    0x080104d8   0x0000009c   Code   RO         4264    i.vPortFree         heap_4.o
    0x08010574   0x00000020   Code   RO         4182    i.vPortSetupTimerInterrupt  port.o
    0x08010594   0x0000008c   Code   RO         4183    i.vPortValidateInterruptPriority  port.o
    0x08010620   0x00000024   Code   RO         3479    i.vQueueAddToRegistry  queue.o
    0x08010644   0x00000044   Code   RO         3483    i.vQueueWaitForMessageRestricted  queue.o
    0x08010688   0x0000006c   Code   RO         3712    i.vTaskDelay        tasks.o
    0x080106f4   0x000000ac   Code   RO         3713    i.vTaskDelayUntil   tasks.o
    0x080107a0   0x000000cc   Code   RO         3714    i.vTaskDelete       tasks.o
    0x0801086c   0x0000000c   Code   RO         3718    i.vTaskMissedYield  tasks.o
    0x08010878   0x00000054   Code   RO         3720    i.vTaskPlaceOnEventList  tasks.o
    0x080108cc   0x0000005c   Code   RO         3721    i.vTaskPlaceOnEventListRestricted  tasks.o
    0x08010928   0x00000084   Code   RO         3723    i.vTaskPriorityInherit  tasks.o
    0x080109ac   0x00000048   Code   RO         3727    i.vTaskSetTimeOutState  tasks.o
    0x080109f4   0x00000094   Code   RO         3728    i.vTaskStartScheduler  tasks.o
    0x08010a88   0x00000010   Code   RO         3730    i.vTaskSuspendAll   tasks.o
    0x08010a98   0x00000094   Code   RO         3731    i.vTaskSwitchContext  tasks.o
    0x08010b2c   0x00000114   Code   RO         4184    i.xPortStartScheduler  port.o
    0x08010c40   0x0000002c   Code   RO         4185    i.xPortSysTickHandler  port.o
    0x08010c6c   0x00000024   Code   RO         3486    i.xQueueCreateMutex  queue.o
    0x08010c90   0x00000078   Code   RO         3488    i.xQueueGenericCreate  queue.o
    0x08010d08   0x00000184   Code   RO         3489    i.xQueueGenericReceive  queue.o
    0x08010e8c   0x000000a8   Code   RO         3490    i.xQueueGenericReset  queue.o
    0x08010f34   0x00000188   Code   RO         3491    i.xQueueGenericSend  queue.o
    0x080110bc   0x000000e0   Code   RO         3492    i.xQueueGenericSendFromISR  queue.o
    0x0801119c   0x000000c8   Code   RO         3493    i.xQueueGiveFromISR  queue.o
    0x08011264   0x00000088   Code   RO         3732    i.xTaskCheckForTimeOut  tasks.o
    0x080112ec   0x00000056   Code   RO         3733    i.xTaskCreate       tasks.o
    0x08011342   0x00000002   PAD
    0x08011344   0x0000001c   Code   RO         3737    i.xTaskGetSchedulerState  tasks.o
    0x08011360   0x0000000c   Code   RO         3738    i.xTaskGetTickCount  tasks.o
    0x0801136c   0x000000e8   Code   RO         3740    i.xTaskIncrementTick  tasks.o
    0x08011454   0x000000b4   Code   RO         3743    i.xTaskPriorityDisinherit  tasks.o
    0x08011508   0x00000098   Code   RO         3744    i.xTaskRemoveFromEventList  tasks.o
    0x080115a0   0x000000e4   Code   RO         3746    i.xTaskResumeAll    tasks.o
    0x08011684   0x00000074   Code   RO         4058    i.xTimerCreate      timers.o
    0x080116f8   0x00000074   Code   RO         4059    i.xTimerCreateTimerTask  timers.o
    0x0801176c   0x00000090   Code   RO         4060    i.xTimerGenericCommand  timers.o
    0x080117fc   0x0000002c   Code   RO         7135    locale$$code        c_w.l(lc_numeric_c.o)
    0x08011828   0x0000002c   Code   RO         7210    locale$$code        c_w.l(lc_ctype_c.o)
    0x08011854   0x00000018   Code   RO         6988    x$fpl$basic         fz_wm.l(basic.o)
    0x0801186c   0x00000062   Code   RO         6689    x$fpl$d2f           fz_wm.l(d2f.o)
    0x080118ce   0x00000002   PAD
    0x080118d0   0x00000150   Code   RO         6691    x$fpl$dadd          fz_wm.l(daddsub_clz.o)
    0x08011a20   0x00000018   Code   RO         6990    x$fpl$dcmpinf       fz_wm.l(dcmpi.o)
    0x08011a38   0x000002b0   Code   RO         6698    x$fpl$ddiv          fz_wm.l(ddiv.o)
    0x08011ce8   0x00000078   Code   RO         6701    x$fpl$deqf          fz_wm.l(deqf.o)
    0x08011d60   0x0000005e   Code   RO         6703    x$fpl$dfix          fz_wm.l(dfix.o)
    0x08011dbe   0x0000002e   Code   RO         6708    x$fpl$dflt          fz_wm.l(dflt_clz.o)
    0x08011dec   0x00000026   Code   RO         6707    x$fpl$dfltu         fz_wm.l(dflt_clz.o)
    0x08011e12   0x00000002   PAD
    0x08011e14   0x00000078   Code   RO         6713    x$fpl$dleqf         fz_wm.l(dleqf.o)
    0x08011e8c   0x00000154   Code   RO         6715    x$fpl$dmul          fz_wm.l(dmul.o)
    0x08011fe0   0x0000009c   Code   RO         6992    x$fpl$dnaninf       fz_wm.l(dnaninf.o)
    0x0801207c   0x0000000c   Code   RO         6994    x$fpl$dretinf       fz_wm.l(dretinf.o)
    0x08012088   0x0000006c   Code   RO         6717    x$fpl$drleqf        fz_wm.l(drleqf.o)
    0x080120f4   0x00000016   Code   RO         6692    x$fpl$drsb          fz_wm.l(daddsub_clz.o)
    0x0801210a   0x00000002   PAD
    0x0801210c   0x00000198   Code   RO         6996    x$fpl$dsqrt         fz_wm.l(dsqrt_umaal.o)
    0x080122a4   0x000001d4   Code   RO         6693    x$fpl$dsub          fz_wm.l(daddsub_clz.o)
    0x08012478   0x00000056   Code   RO         6719    x$fpl$f2d           fz_wm.l(f2d.o)
    0x080124ce   0x00000060   Code   RO         6725    x$fpl$ffltll        fz_wm.l(ffltll_clz.o)
    0x0801252e   0x0000008c   Code   RO         6998    x$fpl$fnaninf       fz_wm.l(fnaninf.o)
    0x080125ba   0x0000000a   Code   RO         7218    x$fpl$fpinit        fz_wm.l(fpinit.o)
    0x080125c4   0x0000000a   Code   RO         7000    x$fpl$fretinf       fz_wm.l(fretinf.o)
    0x080125ce   0x00000002   PAD
    0x080125d0   0x00000086   Code   RO         6721    x$fpl$llsfromf      fz_wm.l(ffixll.o)
    0x08012656   0x00000004   Code   RO         6727    x$fpl$printf1       fz_wm.l(printf1.o)
    0x0801265a   0x00000004   Code   RO         7002    x$fpl$printf2       fz_wm.l(printf2.o)
    0x0801265e   0x00000000   Code   RO         7010    x$fpl$usenofp       fz_wm.l(usenofp.o)
    0x0801265e   0x0000002a   Data   RO         4378    .constdata          inv_mpu.o
    0x08012688   0x0000000e   Data   RO         4379    .constdata          inv_mpu.o
    0x08012696   0x00000002   PAD
    0x08012698   0x00000030   Data   RO         4380    .constdata          inv_mpu.o
    0x080126c8   0x00000200   Data   RO         4381    .constdata          inv_mpu.o
    0x080128c8   0x00000bf6   Data   RO         4818    .constdata          inv_mpu_dmp_motion_driver.o
    0x080134be   0x0000002f   Data   RO         6020    .constdata          mpl.o
    0x080134ed   0x00000028   Data   RO         6638    .constdata          c_w.l(_printf_hex_int_ll_ptr.o)
    0x08013515   0x00000011   Data   RO         6658    .constdata          c_w.l(__printf_flags_ss_wp.o)
    0x08013526   0x00000002   PAD
    0x08013528   0x00000038   Data   RO         6864    .constdata          m_wm.l(log.o)
    0x08013560   0x00000008   Data   RO         6961    .constdata          c_w.l(_printf_wctomb.o)
    0x08013568   0x00000030   Data   RO         7012    .constdata          m_wm.l(cos_i.o)
    0x08013598   0x00000008   Data   RO         7048    .constdata          m_wm.l(qnan.o)
    0x080135a0   0x000000c8   Data   RO         7051    .constdata          m_wm.l(rred.o)
    0x08013668   0x00000020   Data   RO         7055    .constdata          m_wm.l(rredf.o)
    0x08013688   0x00000028   Data   RO         7058    .constdata          m_wm.l(sin_i.o)
    0x080136b0   0x00000026   Data   RO         7095    .constdata          c_w.l(_printf_fp_hex.o)
    0x080136d6   0x00000002   PAD
    0x080136d8   0x00000094   Data   RO         7104    .constdata          c_w.l(bigflt0.o)
    0x0801376c   0x00000009   Data   RO         4382    .conststring        inv_mpu.o
    0x08013775   0x00000003   PAD
    0x08013778   0x00000044   Data   RO         5164    .conststring        data_builder.o
    0x080137bc   0x00000020   Data   RO         7290    Region$$Table       anon$$obj.o
    0x080137dc   0x0000001c   Data   RO         7134    locale$$data        c_w.l(lc_numeric_c.o)
    0x080137f8   0x00000110   Data   RO         7209    locale$$data        c_w.l(lc_ctype_c.o)


    Execution Region RW_IRAM1 (Base: 0x20000000, Size: 0x000080d0, Max: 0x00020000, ABSOLUTE, COMPRESSED[0x00000050])

    Base Addr    Size         Type   Attr      Idx    E Section Name        Object

    0x20000000   0x0000003e   Data   RW           18    .data               main.o
    0x2000003e   0x00000002   PAD
    0x20000040   0x00000014   Data   RW          388    .data               system_stm32f4xx.o
    0x20000054   0x00000008   Data   RW          788    .data               urf02.o
    0x2000005c   0x00000001   Data   RW          923    .data               mpu9250.o
    0x2000005d   0x00000001   PAD
    0x2000005e   0x00000006   Data   RW          924    .data               mpu9250.o
    0x20000064   0x00000006   Data   RW          925    .data               mpu9250.o
    0x2000006a   0x00000006   Data   RW          926    .data               mpu9250.o
    0x20000070   0x00000018   Data   RW         1030    .data               infrared.o
    0x20000088   0x00000008   Data   RW         1118    .data               delay.o
    0x20000090   0x00000001   Data   RW         1202    .data               usart.o
    0x20000091   0x00000003   PAD
    0x20000094   0x00000004   Data   RW         1203    .data               usart.o
    0x20000098   0x00000010   Data   RW         2302    .data               stm32f4xx_rcc.o
    0x200000a8   0x0000003c   Data   RW         3749    .data               tasks.o
    0x200000e4   0x00000014   Data   RW         4068    .data               timers.o
    0x200000f8   0x0000000c   Data   RW         4186    .data               port.o
    0x20000104   0x00000018   Data   RW         4269    .data               heap_4.o
    0x2000011c   0x00000004   Data   RW         4383    .data               inv_mpu.o
    0x20000120   0x0000004a   Data   RW         4384    .data               inv_mpu.o
    0x2000016a   0x00000002   PAD
    0x2000016c   0x00000004   Data   RW         5642    .data               message_layer.o
    0x20000170   0x00000010   Data   RW         6361    .data               libmpllib.lib(compass_vec_cal.o)
    0x20000180   0x000001e8   Zero   RW           13    .bss                main.o
    0x20000368   0x0000000a   Zero   RW           14    .bss                main.o
    0x20000372   0x000000c8   Zero   RW           15    .bss                main.o
    0x2000043a   0x000000c8   Zero   RW           16    .bss                main.o
    0x20000502   0x00000002   PAD
    0x20000504   0x00000040   Zero   RW         3503    .bss                queue.o
    0x20000544   0x000002e4   Zero   RW         3748    .bss                tasks.o
    0x20000828   0x00000028   Zero   RW         4067    .bss                timers.o
    0x20000850   0x00005000   Zero   RW         4268    .bss                heap_4.o
    0x20005850   0x00000010   Zero   RW         4817    .bss                inv_mpu_dmp_motion_driver.o
    0x20005860   0x00000028   Zero   RW         5021    .bss                empl_outputs.o
    0x20005888   0x000002d8   Zero   RW         5163    .bss                data_builder.o
    0x20005b60   0x000000c4   Zero   RW         5552    .bss                hal_outputs.o
    0x20005c24   0x00000088   Zero   RW         6092    .bss                results_holder.o
    0x20005cac   0x00000054   Zero   RW         6293    .bss                start_manager.o
    0x20005d00   0x00000198   Zero   RW         6326    .bss                storage_manager.o
    0x20005e98   0x00000460   Zero   RW         6360    .bss                libmpllib.lib(compass_vec_cal.o)
    0x200062f8   0x000002a0   Zero   RW         6450    .bss                libmpllib.lib(fast_no_motion.o)
    0x20006598   0x00000138   Zero   RW         6483    .bss                libmpllib.lib(fusion_9axis.o)
    0x200066d0   0x000001c4   Zero   RW         6505    .bss                libmpllib.lib(gyro_tc.o)
    0x20006894   0x000000b8   Zero   RW         6523    .bss                libmpllib.lib(mag_disturb.o)
    0x2000694c   0x0000006c   Zero   RW         6545    .bss                libmpllib.lib(quaternion_supervisor.o)
    0x200069b8   0x000004b8   Zero   RW         6563    .bss                libmpllib.lib(accel_auto_cal.o)
    0x20006e70   0x00000060   Zero   RW         7142    .bss                c_w.l(libspace.o)
    0x20006ed0   0x00000200   Zero   RW         1308    HEAP                startup_stm32f40_41xxx.o
    0x200070d0   0x00001000   Zero   RW         1307    STACK               startup_stm32f40_41xxx.o



  Load Region LR$$.ARM.__AT_0x10000000 (Base: 0x10000000, Size: 0x00000000, Max: 0x0000f000, ABSOLUTE)

    Execution Region ER$$.ARM.__AT_0x10000000 (Base: 0x10000000, Size: 0x0000f000, Max: 0x0000f000, ABSOLUTE, UNINIT)

    Base Addr    Size         Type   Attr      Idx    E Section Name        Object

    0x10000000   0x0000f000   Zero   RW         3205    .ARM.__AT_0x10000000  malloc.o



  Load Region LR$$.ARM.__AT_0x1000F000 (Base: 0x1000f000, Size: 0x00000000, Max: 0x00000f00, ABSOLUTE)

    Execution Region ER$$.ARM.__AT_0x1000F000 (Base: 0x1000f000, Size: 0x00000f00, Max: 0x00000f00, ABSOLUTE, UNINIT)

    Base Addr    Size         Type   Attr      Idx    E Section Name        Object

    0x1000f000   0x00000f00   Zero   RW         3206    .ARM.__AT_0x1000F000  malloc.o



  Load Region LR$$.ARM.__AT_0x68000000 (Base: 0x68000000, Size: 0x00000000, Max: 0x000f0000, ABSOLUTE)

    Execution Region ER$$.ARM.__AT_0x68000000 (Base: 0x68000000, Size: 0x000f0000, Max: 0x000f0000, ABSOLUTE, UNINIT)

    Base Addr    Size         Type   Attr      Idx    E Section Name        Object

    0x68000000   0x000f0000   Zero   RW         3207    .ARM.__AT_0x68000000  malloc.o



  Load Region LR$$.ARM.__AT_0x680F0000 (Base: 0x680f0000, Size: 0x00000000, Max: 0x0000f000, ABSOLUTE)

    Execution Region ER$$.ARM.__AT_0x680F0000 (Base: 0x680f0000, Size: 0x0000f000, Max: 0x0000f000, ABSOLUTE, UNINIT)

    Base Addr    Size         Type   Attr      Idx    E Section Name        Object

    0x680f0000   0x0000f000   Zero   RW         3208    .ARM.__AT_0x680F0000  malloc.o


==============================================================================

Image component sizes


      Code (inc. data)   RO Data    RW Data    ZI Data      Debug   Object Name

       524         60          0          0          0       3176   adc.o
      2006        254         68          0        728      25756   data_builder.o
       224         22          0          8          0       3057   delay.o
       660         54          0          0         40       8150   empl_outputs.o
         0          0          0          0          0      11796   event_groups.o
       140         12          0          0          0       1139   gpio.o
        96          8          0          0        196       2325   hal_outputs.o
       584        138          0         24      20480       3843   heap_4.o
       716         78          0          0          0       7321   iic.o
       980         42          0         24          0       4646   infrared.o
      9110       1610        625         78          0      39262   inv_mpu.o
      2414        132       3062          0         16      20466   inv_mpu_dmp_motion_driver.o
        38          0          0          0          0        552   iwdg.o
       136          0          0          0          0       3054   list.o
       150         10          0          0          0       4310   log_stm32.o
      1280        228          0         62        898     335728   main.o
         0          0          0          0    1109760       2005   malloc.o
        20          4          0          4          0       1254   message_layer.o
       144         14          0          0          0       2005   misc.o
      1614         22          0          0          0      14017   ml_math_func.o
       268        118         47          0          0       5420   mpl.o
       660          6          0         19          0       7005   mpu9250.o
       600         74          0          0          0       4666   myiic.o
      1038        382          0         12          0      10853   port.o
      2068        274          0          0         64      13249   queue.o
       726        120          0          0        136      16197   results_holder.o
       164         20          0          0         84       3516   start_manager.o
        64         26        392          0       4608        840   startup_stm32f40_41xxx.o
       292         20          0          0          0       5746   stm32f4xx_adc.o
       636         64          0          0          0       7368   stm32f4xx_dma.o
       144         14          0          0          0       2068   stm32f4xx_exti.o
       174          0          0          0          0       3259   stm32f4xx_gpio.o
        12          0          0          0          0       2749   stm32f4xx_it.o
        68         30          0          0          0       2534   stm32f4xx_iwdg.o
       240         36          0         16          0       5116   stm32f4xx_rcc.o
        48          6          0          0          0        612   stm32f4xx_syscfg.o
       628         28          0          0          0      12122   stm32f4xx_tim.o
       318          8          0          0          0       3957   stm32f4xx_usart.o
       128          8          0          0        408       2581   storage_manager.o
       128          0          0          0          0        971   sys.o
       272         36          0         20          0       1801   system_stm32f4xx.o
      2954        716          0         60        740      29405   tasks.o
        36          6          0          0          0        563   tim9.o
        72         12          0          0          0       1104   tim_6_7.o
      1144        260          0         20         40       9086   timers.o
       594         56          0          8          0       5001   urf02.o
      1494        130          0          5          0      36976   usart.o

    ----------------------------------------------------------------------
     35848       5138       4231        368    1138200     688627   Object Totals
         0          0         32          0          0          0   (incl. Generated)
        42          0          5          8          2          0   (incl. Padding)

    ----------------------------------------------------------------------

      Code (inc. data)   RO Data    RW Data    ZI Data      Debug   Library Member Name

        24          4          0          0          0         84   __2printf.o
        90          0          0          0          0          0   __dczerorl2.o
         8          0          0          0          0         68   __main.o
       392          4         17          0          0         92   __printf_flags_ss_wp.o
        14          0          0          0          0         68   __printf_wp.o
         0          0          0          0          0          0   __rtentry.o
        12          0          0          0          0          0   __rtentry2.o
         6          0          0          0          0          0   __rtentry4.o
        52          8          0          0          0          0   __scatter.o
        28          0          0          0          0          0   __scatter_zi.o
         6          0          0          0          0          0   _printf_a.o
         6          0          0          0          0          0   _printf_c.o
        44          0          0          0          0        108   _printf_char.o
        48          6          0          0          0         96   _printf_char_common.o
        36          4          0          0          0         80   _printf_char_file.o
        40          0          0          0          0         68   _printf_charcount.o
         6          0          0          0          0          0   _printf_d.o
       120         16          0          0          0         92   _printf_dec.o
         6          0          0          0          0          0   _printf_e.o
         6          0          0          0          0          0   _printf_f.o
      1050          0          0          0          0        216   _printf_fp_dec.o
       764         10         38          0          0        100   _printf_fp_hex.o
       128         16          0          0          0         84   _printf_fp_infnan.o
         6          0          0          0          0          0   _printf_g.o
       148          4         40          0          0        160   _printf_hex_int_ll_ptr.o
         6          0          0          0          0          0   _printf_i.o
       178          0          0          0          0         88   _printf_intcommon.o
        10          0          0          0          0          0   _printf_l.o
         6          0          0          0          0          0   _printf_lc.o
        10          0          0          0          0          0   _printf_ll.o
         6          0          0          0          0          0   _printf_lld.o
         6          0          0          0          0          0   _printf_lli.o
         6          0          0          0          0          0   _printf_llo.o
         6          0          0          0          0          0   _printf_llu.o
         6          0          0          0          0          0   _printf_llx.o
       124         16          0          0          0         92   _printf_longlong_dec.o
         6          0          0          0          0          0   _printf_ls.o
         6          0          0          0          0          0   _printf_n.o
         6          0          0          0          0          0   _printf_o.o
       112          8          0          0          0        124   _printf_oct_int_ll.o
         6          0          0          0          0          0   _printf_p.o
        78          0          0          0          0        108   _printf_pad.o
         0          0          0          0          0          0   _printf_percent.o
         4          0          0          0          0          0   _printf_percent_end.o
         6          0          0          0          0          0   _printf_s.o
        82          0          0          0          0         80   _printf_str.o
        36          0          0          0          0         84   _printf_truncate.o
         6          0          0          0          0          0   _printf_u.o
        44          0          0          0          0        108   _printf_wchar.o
       188          6          8          0          0         92   _printf_wctomb.o
         6          0          0          0          0          0   _printf_x.o
        22          0          0          0          0        100   _rserrno.o
        10          0          0          0          0         68   _sputc.o
        64          0          0          0          0         92   _wcrtomb.o
        16          0          0          0          0         68   aeabi_memset.o
       220          4        148          0          0         96   bigflt0.o
      1910        128          0          0          0        672   btod.o
        12          0          0          0          0         72   exit.o
         8          0          0          0          0         68   ferror.o
         6          0          0          0          0        152   heapauxi.o
        44         10        272          0          0         76   lc_ctype_c.o
        44         10         28          0          0         76   lc_numeric_c.o
         2          0          0          0          0          0   libinit.o
        34          0          0          0          0          0   libinit2.o
         2          0          0          0          0          0   libshutdown.o
         2          0          0          0          0          0   libshutdown2.o
         8          4          0          0         96         68   libspace.o
        72          0          0          0          0         76   llsdiv.o
        38          0          0          0          0         68   llshl.o
        38          0          0          0          0         68   llsshr.o
       138          0          0          0          0         80   lludiv10.o
       238          0          0          0          0        100   lludivv7m.o
        88          0          0          0          0         76   memcmp.o
        16          4          0          0          0         76   rt_ctype_table.o
         8          4          0          0          0         68   rt_errno_addr_intlibspace.o
         8          4          0          0          0         68   rt_locale_intlibspace.o
        68          0          0          0          0         68   rt_memclr.o
        78          0          0          0          0         80   rt_memclr_w.o
       138          0          0          0          0         68   rt_memcpy_v6.o
       100          0          0          0          0         80   rt_memcpy_w.o
       122          0          0          0          0         80   rt_memmove_w.o
         2          0          0          0          0          0   rtexit.o
        10          0          0          0          0          0   rtexit2.o
       128          0          0          0          0         68   strcmpv7m.o
        74          0          0          0          0         80   sys_stackheap_outer.o
         2          0          0          0          0         68   use_no_semi.o
         2          0          0          0          0         68   use_no_semi_2.o
        36          4          0          0          0         76   vsprintf.o
        24          0          0          0          0        164   basic.o
        98          4          0          0          0        140   d2f.o
       826         16          0          0          0        492   daddsub_clz.o
        24          0          0          0          0        116   dcmpi.o
       688        140          0          0          0        256   ddiv.o
       120          4          0          0          0        140   deqf.o
        94          4          0          0          0        140   dfix.o
        84          0          0          0          0        232   dflt_clz.o
       120          4          0          0          0        140   dleqf.o
       340         12          0          0          0        152   dmul.o
       156          4          0          0          0        140   dnaninf.o
        12          0          0          0          0        116   dretinf.o
       108          0          0          0          0        128   drleqf.o
       408         56          0          0          0        168   dsqrt_umaal.o
        86          4          0          0          0        132   f2d.o
       134          4          0          0          0        132   ffixll.o
        96          0          0          0          0        132   ffltll_clz.o
       140          4          0          0          0        132   fnaninf.o
        10          0          0          0          0        116   fpinit.o
        10          0          0          0          0        116   fretinf.o
         4          0          0          0          0        116   printf1.o
         4          0          0          0          0        116   printf2.o
         0          0          0          0          0          0   usenofp.o
      3140        190          0          0       1208       9672   accel_auto_cal.o
      9456        298          0         16       1120      19892   compass_vec_cal.o
      2584         42          0          0        672      13744   fast_no_motion.o
      1712         72          0          0        312       5636   fusion_9axis.o
      1220         32          0          0        452       5735   gyro_tc.o
      1472         48          0          0        184       7614   mag_disturb.o
      2452        130          0          0        108       5637   quaternion_supervisor.o
       280         46          0          0          0        176   acosf.o
       592         90          0          0          0        184   atan2f.o
       200         20          0          0          0        164   cos.o
       368         46         48          0          0        200   cos_i.o
       336         56          0          0          0        136   cosf.o
       132         36          0          0          0        496   dunder.o
        44          0          0          0          0        248   fabs.o
        48          0          0          0          0        124   fpclassify.o
        38          0          0          0          0        116   fpclassifyf.o
        44         12          0          0          0        464   funder.o
       964         92         56          0          0        316   log.o
       248          0          0          0          0        152   poly.o
         0          0          8          0          0          0   qnan.o
      1080        142        200          0          0        188   rred.o
       340         24         32          0          0        160   rredf.o
       304         24         40          0          0        208   sin_i.o
       400         56          0          0          0        212   sinf.o
       122          0          0          0          0        148   sqrt.o
       120          0          0          0          0        272   sqrtf.o

    ----------------------------------------------------------------------
     39118       1990        939         16       4152      80526   Library Totals
        38          4          4          0          0          0   (incl. Padding)

    ----------------------------------------------------------------------

      Code (inc. data)   RO Data    RW Data    ZI Data      Debug   Library Name

      7798        274        551          0         96       5116   c_w.l
      3586        256          0          0          0       3516   fz_wm.l
     22036        812          0         16       4056      67930   libmpllib.lib
      5660        644        384          0          0       3964   m_wm.l

    ----------------------------------------------------------------------
     39118       1990        939         16       4152      80526   Library Totals

    ----------------------------------------------------------------------

==============================================================================


      Code (inc. data)   RO Data    RW Data    ZI Data      Debug   

     74966       7128       5170        384    1142352     722941   Grand Totals
     74966       7128       5170         80    1142352     722941   ELF Image Totals (compressed)
     74966       7128       5170         80          0          0   ROM Totals

==============================================================================

    Total RO  Size (Code + RO Data)                80136 (  78.26kB)
    Total RW  Size (RW Data + ZI Data)           1142736 (1115.95kB)
    Total ROM Size (Code + RO Data + RW Data)      80216 (  78.34kB)

==============================================================================

